Archive member included to satisfy reference by file (symbol)

e:/iti courses/the tourkey course/tourkey tools/arm tools iti/arm gcc/bin/../lib/gcc/arm-none-eabi/5.4.1/armv7-m\libgcc.a(_arm_addsubsf3.o)
                              ./src/Delay.o (__aeabi_fsub)
e:/iti courses/the tourkey course/tourkey tools/arm tools iti/arm gcc/bin/../lib/gcc/arm-none-eabi/5.4.1/armv7-m\libgcc.a(_arm_muldivsf3.o)
                              ./src/Delay.o (__aeabi_fdiv)
e:/iti courses/the tourkey course/tourkey tools/arm tools iti/arm gcc/bin/../lib/gcc/arm-none-eabi/5.4.1/armv7-m\libgcc.a(_arm_fixunssfsi.o)
                              ./src/Delay.o (__aeabi_f2uiz)
e:/iti courses/the tourkey course/tourkey tools/arm tools iti/arm gcc/bin/../lib/gcc/arm-none-eabi/5.4.1/../../../../arm-none-eabi/lib/armv7-m\libg_nano.a(lib_a-errno.o)
                              ./system/src/newlib/_sbrk.o (__errno)
e:/iti courses/the tourkey course/tourkey tools/arm tools iti/arm gcc/bin/../lib/gcc/arm-none-eabi/5.4.1/../../../../arm-none-eabi/lib/armv7-m\libg_nano.a(lib_a-impure.o)
                              e:/iti courses/the tourkey course/tourkey tools/arm tools iti/arm gcc/bin/../lib/gcc/arm-none-eabi/5.4.1/../../../../arm-none-eabi/lib/armv7-m\libg_nano.a(lib_a-errno.o) (_impure_ptr)
e:/iti courses/the tourkey course/tourkey tools/arm tools iti/arm gcc/bin/../lib/gcc/arm-none-eabi/5.4.1/../../../../arm-none-eabi/lib/armv7-m\libg_nano.a(lib_a-strlen.o)
                              ./system/src/diag/Trace.o (strlen)
e:/iti courses/the tourkey course/tourkey tools/arm tools iti/arm gcc/bin/../lib/gcc/arm-none-eabi/5.4.1/../../../../arm-none-eabi/lib/armv7-m\libg_nano.a(lib_a-vsnprintf.o)
                              ./system/src/diag/Trace.o (vsnprintf)
e:/iti courses/the tourkey course/tourkey tools/arm tools iti/arm gcc/bin/../lib/gcc/arm-none-eabi/5.4.1/../../../../arm-none-eabi/lib/armv7-m\libg_nano.a(lib_a-nano-svfprintf.o)
                              e:/iti courses/the tourkey course/tourkey tools/arm tools iti/arm gcc/bin/../lib/gcc/arm-none-eabi/5.4.1/../../../../arm-none-eabi/lib/armv7-m\libg_nano.a(lib_a-vsnprintf.o) (_svfprintf_r)
e:/iti courses/the tourkey course/tourkey tools/arm tools iti/arm gcc/bin/../lib/gcc/arm-none-eabi/5.4.1/../../../../arm-none-eabi/lib/armv7-m\libg_nano.a(lib_a-nano-vfprintf_i.o)
                              e:/iti courses/the tourkey course/tourkey tools/arm tools iti/arm gcc/bin/../lib/gcc/arm-none-eabi/5.4.1/../../../../arm-none-eabi/lib/armv7-m\libg_nano.a(lib_a-nano-svfprintf.o) (_printf_i)
e:/iti courses/the tourkey course/tourkey tools/arm tools iti/arm gcc/bin/../lib/gcc/arm-none-eabi/5.4.1/../../../../arm-none-eabi/lib/armv7-m\libg_nano.a(lib_a-memchr-stub.o)
                              e:/iti courses/the tourkey course/tourkey tools/arm tools iti/arm gcc/bin/../lib/gcc/arm-none-eabi/5.4.1/../../../../arm-none-eabi/lib/armv7-m\libg_nano.a(lib_a-nano-svfprintf.o) (memchr)
e:/iti courses/the tourkey course/tourkey tools/arm tools iti/arm gcc/bin/../lib/gcc/arm-none-eabi/5.4.1/../../../../arm-none-eabi/lib/armv7-m\libg_nano.a(lib_a-memcpy-stub.o)
                              e:/iti courses/the tourkey course/tourkey tools/arm tools iti/arm gcc/bin/../lib/gcc/arm-none-eabi/5.4.1/../../../../arm-none-eabi/lib/armv7-m\libg_nano.a(lib_a-nano-svfprintf.o) (memcpy)
e:/iti courses/the tourkey course/tourkey tools/arm tools iti/arm gcc/bin/../lib/gcc/arm-none-eabi/5.4.1/../../../../arm-none-eabi/lib/armv7-m\libg_nano.a(lib_a-memmove.o)
                              e:/iti courses/the tourkey course/tourkey tools/arm tools iti/arm gcc/bin/../lib/gcc/arm-none-eabi/5.4.1/../../../../arm-none-eabi/lib/armv7-m\libg_nano.a(lib_a-nano-svfprintf.o) (memmove)
e:/iti courses/the tourkey course/tourkey tools/arm tools iti/arm gcc/bin/../lib/gcc/arm-none-eabi/5.4.1/../../../../arm-none-eabi/lib/armv7-m\libg_nano.a(lib_a-nano-freer.o)
                              e:/iti courses/the tourkey course/tourkey tools/arm tools iti/arm gcc/bin/../lib/gcc/arm-none-eabi/5.4.1/../../../../arm-none-eabi/lib/armv7-m\libg_nano.a(lib_a-nano-svfprintf.o) (_free_r)
e:/iti courses/the tourkey course/tourkey tools/arm tools iti/arm gcc/bin/../lib/gcc/arm-none-eabi/5.4.1/../../../../arm-none-eabi/lib/armv7-m\libg_nano.a(lib_a-nano-mallocr.o)
                              e:/iti courses/the tourkey course/tourkey tools/arm tools iti/arm gcc/bin/../lib/gcc/arm-none-eabi/5.4.1/../../../../arm-none-eabi/lib/armv7-m\libg_nano.a(lib_a-nano-svfprintf.o) (_malloc_r)
e:/iti courses/the tourkey course/tourkey tools/arm tools iti/arm gcc/bin/../lib/gcc/arm-none-eabi/5.4.1/../../../../arm-none-eabi/lib/armv7-m\libg_nano.a(lib_a-nano-reallocr.o)
                              e:/iti courses/the tourkey course/tourkey tools/arm tools iti/arm gcc/bin/../lib/gcc/arm-none-eabi/5.4.1/../../../../arm-none-eabi/lib/armv7-m\libg_nano.a(lib_a-nano-svfprintf.o) (_realloc_r)
[...]
Memory Configuration

Name             Origin             Length             Attributes
RAM              0x20000000         0x00005000         xrw
CCMRAM           0x00000000         0x00000000         xrw
FLASH            0x08003800         0x00007800         xr
FLASHB1          0x00000000         0x00000000         xr
EXTMEMB0         0x00000000         0x00000000         xr
EXTMEMB1         0x00000000         0x00000000         xr
EXTMEMB2         0x00000000         0x00000000         xr
EXTMEMB3         0x00000000         0x00000000         xr
MEMORY_ARRAY     0x00000000         0x00000000         xrw
*default*        0x00000000         0xffffffff

Linker script and memory map

LOAD ./system/src/stm32f1-stdperiph/misc.o
LOAD ./system/src/stm32f1-stdperiph/stm32f10x_gpio.o
LOAD ./system/src/stm32f1-stdperiph/stm32f10x_rcc.o
LOAD ./system/src/newlib/_cxx.o
LOAD ./system/src/newlib/_exit.o
LOAD ./system/src/newlib/_sbrk.o
LOAD ./system/src/newlib/_startup.o
LOAD ./system/src/newlib/_syscalls.o
LOAD ./system/src/newlib/assert.o
LOAD ./system/src/diag/Trace.o
LOAD ./system/src/diag/trace_impl.o
LOAD ./system/src/cortexm/_initialize_hardware.o
LOAD ./system/src/cortexm/_reset_hardware.o
LOAD ./system/src/cortexm/exception_handlers.o
LOAD ./system/src/cmsis/system_stm32f10x.o
LOAD ./system/src/cmsis/vectors_stm32f10x.o
LOAD ./src/Delay.o
LOAD ./src/GPIO.o
LOAD ./src/RCC.o
LOAD ./src/main.o
LOAD e:/iti courses/the tourkey course/tourkey tools/arm tools iti/arm gcc/bin/../lib/gcc/arm-none-eabi/5.4.1/../../../../arm-none-eabi/lib/armv7-m\libstdc++_nano.a
LOAD e:/iti courses/the tourkey course/tourkey tools/arm tools iti/arm gcc/bin/../lib/gcc/arm-none-eabi/5.4.1/../../../../arm-none-eabi/lib/armv7-m\libm.a
START GROUP
LOAD e:/iti courses/the tourkey course/tourkey tools/arm tools iti/arm gcc/bin/../lib/gcc/arm-none-eabi/5.4.1/armv7-m\libgcc.a
LOAD e:/iti courses/the tourkey course/tourkey tools/arm tools iti/arm gcc/bin/../lib/gcc/arm-none-eabi/5.4.1/../../../../arm-none-eabi/lib/armv7-m\libg_nano.a
LOAD e:/iti courses/the tourkey course/tourkey tools/arm tools iti/arm gcc/bin/../lib/gcc/arm-none-eabi/5.4.1/../../../../arm-none-eabi/lib/armv7-m\libc_nano.a
END GROUP
START GROUP
LOAD e:/iti courses/the tourkey course/tourkey tools/arm tools iti/arm gcc/bin/../lib/gcc/arm-none-eabi/5.4.1/armv7-m\libgcc.a
LOAD e:/iti courses/the tourkey course/tourkey tools/arm tools iti/arm gcc/bin/../lib/gcc/arm-none-eabi/5.4.1/../../../../arm-none-eabi/lib/armv7-m\libc_nano.a
END GROUP
                0x20005000                __stack = (ORIGIN (RAM) + LENGTH (RAM))
                0x20005000                _estack = __stack
                0x00000400                __Main_Stack_Size = 0x400
                [!provide]                PROVIDE (_Main_Stack_Size, __Main_Stack_Size)
                0x20004c00                __Main_Stack_Limit = (__stack - __Main_Stack_Size)
                [!provide]                PROVIDE (_Main_Stack_Limit, __Main_Stack_Limit)
                0x00000100                _Minimum_Stack_Size = 0x100
                0x20000124                PROVIDE (_Heap_Begin, _end_noinit)
                0x20004c00                PROVIDE (_Heap_Limit, (__stack - __Main_Stack_Size))

.isr_vector     0x08003800      0x360
 FILL mask 0xff
                0x08003800                __vectors_start = ABSOLUTE (.)
                0x08003800                __vectors_start__ = ABSOLUTE (.)
 *(.isr_vector)
 .isr_vector    0x08003800      0x10c ./system/src/cmsis/vectors_stm32f10x.o
                0x08003800                __isr_vectors
 *(.cfmconfig)
 *(.after_vectors .after_vectors.*)
 .after_vectors
                0x0800390c      0x120 ./system/src/newlib/_startup.o
                0x0800390c                _start
 .after_vectors
                0x08003a2c      0x130 ./system/src/cortexm/exception_handlers.o
                0x08003a2c                Reset_Handler
                0x08003a34                NMI_Handler
                0x08003a38                HardFault_Handler
                0x08003a4c                HardFault_Handler_C
                0x08003aac                MemManage_Handler
                0x08003ab0                BusFault_Handler
                0x08003ac4                BusFault_Handler_C
                0x08003af8                UsageFault_Handler
                0x08003b0c                UsageFault_Handler_C
                0x08003b40                SVC_Handler
                0x08003b44                DebugMon_Handler
                0x08003b48                PendSV_Handler
                0x08003b4c                SysTick_Handler
 .after_vectors
                0x08003b5c        0x4 ./system/src/cmsis/vectors_stm32f10x.o
                0x08003b5c                EXTI2_IRQHandler
                0x08003b5c                TIM8_TRG_COM_IRQHandler
                0x08003b5c                TIM8_CC_IRQHandler
                0x08003b5c                TIM1_CC_IRQHandler
                0x08003b5c                TIM6_IRQHandler
                0x08003b5c                PVD_IRQHandler
                0x08003b5c                SDIO_IRQHandler
                0x08003b5c                CAN2_RX1_IRQHandler
                0x08003b5c                EXTI3_IRQHandler
                0x08003b5c                TIM8_TRG_COM_TIM14_IRQHandler
                0x08003b5c                TIM1_UP_TIM10_IRQHandler
                0x08003b5c                TIM8_UP_TIM13_IRQHandler
                0x08003b5c                EXTI0_IRQHandler
                0x08003b5c                I2C2_EV_IRQHandler
                0x08003b5c                CAN1_RX0_IRQHandler
                0x08003b5c                TIM1_UP_TIM16_IRQHandler
                0x08003b5c                CAN2_SCE_IRQHandler
                0x08003b5c                ADC1_2_IRQHandler
                0x08003b5c                SPI1_IRQHandler
                0x08003b5c                TAMPER_IRQHandler
                0x08003b5c                TIM6_DAC_IRQHandler
                0x08003b5c                TIM1_BRK_TIM9_IRQHandler
                0x08003b5c                CAN2_RX0_IRQHandler
                0x08003b5c                TIM8_UP_IRQHandler
                0x08003b5c                DMA2_Channel2_IRQHandler
                0x08003b5c                DMA1_Channel4_IRQHandler
                0x08003b5c                USART3_IRQHandler
                0x08003b5c                RTC_IRQHandler
                0x08003b5c                DMA1_Channel7_IRQHandler
                0x08003b5c                CAN1_RX1_IRQHandler
                0x08003b5c                UART5_IRQHandler
                0x08003b5c                ADC3_IRQHandler
                0x08003b5c                TIM4_IRQHandler
                0x08003b5c                DMA2_Channel1_IRQHandler
                0x08003b5c                I2C1_EV_IRQHandler
                0x08003b5c                DMA1_Channel6_IRQHandler
                0x08003b5c                UART4_IRQHandler
                0x08003b5c                DMA2_Channel4_IRQHandler
                0x08003b5c                TIM3_IRQHandler
                0x08003b5c                RCC_IRQHandler
                0x08003b5c                TIM8_BRK_TIM12_IRQHandler
                0x08003b5c                TIM1_TRG_COM_IRQHandler
                0x08003b5c                DMA1_Channel1_IRQHandler
                0x08003b5c                Default_Handler
                0x08003b5c                CEC_IRQHandler
                0x08003b5c                EXTI15_10_IRQHandler
                0x08003b5c                TIM14_IRQHandler
                0x08003b5c                TIM13_IRQHandler
                0x08003b5c                TIM12_IRQHandler
                0x08003b5c                TIM7_IRQHandler
                0x08003b5c                CAN2_TX_IRQHandler
                0x08003b5c                TIM5_IRQHandler
                0x08003b5c                EXTI9_5_IRQHandler
                0x08003b5c                ETH_WKUP_IRQHandler
                0x08003b5c                SPI2_IRQHandler
                0x08003b5c                CAN1_TX_IRQHandler
                0x08003b5c                DMA2_Channel5_IRQHandler
                0x08003b5c                DMA1_Channel5_IRQHandler
                0x08003b5c                EXTI4_IRQHandler
                0x08003b5c                USB_LP_CAN1_RX0_IRQHandler
                0x08003b5c                TIM1_TRG_COM_TIM17_IRQHandler
                0x08003b5c                USB_HP_CAN1_TX_IRQHandler
                0x08003b5c                DMA1_Channel3_IRQHandler
                0x08003b5c                FSMC_IRQHandler
                0x08003b5c                ETH_IRQHandler
                0x08003b5c                TIM1_UP_IRQHandler
                0x08003b5c                WWDG_IRQHandler
                0x08003b5c                TIM2_IRQHandler
                0x08003b5c                OTG_FS_WKUP_IRQHandler
                0x08003b5c                TIM1_TRG_COM_TIM11_IRQHandler
                0x08003b5c                TIM1_BRK_IRQHandler
                0x08003b5c                EXTI1_IRQHandler
                0x08003b5c                RTCAlarm_IRQHandler
                0x08003b5c                DMA2_Channel4_5_IRQHandler
                0x08003b5c                USART2_IRQHandler
                0x08003b5c                I2C2_ER_IRQHandler
                0x08003b5c                DMA1_Channel2_IRQHandler
                0x08003b5c                TIM8_BRK_IRQHandler
                0x08003b5c                CAN1_SCE_IRQHandler
                0x08003b5c                FLASH_IRQHandler
                0x08003b5c                USART1_IRQHandler
                0x08003b5c                OTG_FS_IRQHandler
                0x08003b5c                SPI3_IRQHandler
                0x08003b5c                I2C1_ER_IRQHandler
                0x08003b5c                USBWakeUp_IRQHandler
                0x08003b5c                DMA2_Channel3_IRQHandler
                0x08003b5c                TIM1_BRK_TIM15_IRQHandler

.inits          0x08003b60       0x28
                0x08003b60                __data_regions_array_start = .
                0x08003b60        0x4 LONG 0x80051c8 LOADADDR (.data)
                0x08003b64        0x4 LONG 0x20000000 ADDR (.data)
                0x08003b68        0x4 LONG 0x20000088 (ADDR (.data) + SIZEOF (.data))
                0x08003b6c        0x4 LONG 0x80051c8 LOADADDR (.data_CCMRAM)
                0x08003b70        0x4 LONG 0x0 ADDR (.data_CCMRAM)
                0x08003b74        0x4 LONG 0x0 (ADDR (.data_CCMRAM) + SIZEOF (.data_CCMRAM))
                0x08003b78                __data_regions_array_end = .
                0x08003b78                __bss_regions_array_start = .
                0x08003b78        0x4 LONG 0x20000088 ADDR (.bss)
                0x08003b7c        0x4 LONG 0x20000124 (ADDR (.bss) + SIZEOF (.bss))
                0x08003b80        0x4 LONG 0x0 ADDR (.bss_CCMRAM)
                0x08003b84        0x4 LONG 0x0 (ADDR (.bss_CCMRAM) + SIZEOF (.bss_CCMRAM))
                0x08003b88                __bss_regions_array_end = .
 *(.init)
 *(.fini)
                0x08003b88                . = ALIGN (0x4)
                0x08003b88                PROVIDE (__preinit_array_start, .)
 *(.preinit_array_sysinit .preinit_array_sysinit.*)
 *(.preinit_array_platform .preinit_array_platform.*)
 *(.preinit_array .preinit_array.*)
                0x08003b88                PROVIDE (__preinit_array_end, .)
                0x08003b88                . = ALIGN (0x4)
                0x08003b88                PROVIDE (__init_array_start, .)
 *(SORT(.init_array.*))
 *(.init_array)
                0x08003b88                PROVIDE (__init_array_end, .)
                0x08003b88                . = ALIGN (0x4)
                0x08003b88                PROVIDE (__fini_array_start, .)
 *(SORT(.fini_array.*))
 *(.fini_array)
                0x08003b88                PROVIDE (__fini_array_end, .)

.flashtext
 *(.flashtext .flashtext.*)

.text           0x08003b88     0x163f
 *(.text .text.*)
 .text._exit    0x08003b88        0x4 ./system/src/newlib/_exit.o
                0x08003b88                _exit
 .text._sbrk    0x08003b8c       0x44 ./system/src/newlib/_sbrk.o
                0x08003b8c                _sbrk
 .text.__initialize_args
                0x08003bd0       0x10 ./system/src/newlib/_syscalls.o
                0x08003bd0                __initialize_args
 .text.trace_printf
                0x08003be0       0x30 ./system/src/diag/Trace.o
                0x08003be0                trace_printf
 .text._trace_write_semihosting_debug
                0x08003c10       0x64 ./system/src/diag/trace_impl.o
 .text.trace_write
                0x08003c74        0x8 ./system/src/diag/trace_impl.o
                0x08003c74                trace_write
 .text.__initialize_hardware_early
                0x08003c7c       0x18 ./system/src/cortexm/_initialize_hardware.o
                0x08003c7c                __initialize_hardware_early
 .text.__initialize_hardware
                0x08003c94        0x8 ./system/src/cortexm/_initialize_hardware.o
                0x08003c94                __initialize_hardware
 .text.dumpExceptionStack
                0x08003c9c       0xf0 ./system/src/cortexm/exception_handlers.o
                0x08003c9c                dumpExceptionStack
 .text.isSemihosting
                0x08003d8c       0x20 ./system/src/cortexm/exception_handlers.o
                0x08003d8c                isSemihosting
 .text.SetSysClockTo72
                0x08003dac       0xc4 ./system/src/cmsis/system_stm32f10x.o
 .text.SetSysClock
                0x08003e70        0x8 ./system/src/cmsis/system_stm32f10x.o
 .text.SystemInit
                0x08003e78       0x50 ./system/src/cmsis/system_stm32f10x.o
                0x08003e78                SystemInit
 .text.SystemCoreClockUpdate
                0x08003ec8       0x94 ./system/src/cmsis/system_stm32f10x.o
                0x08003ec8                SystemCoreClockUpdate
 .text._delay_ms
                0x08003f5c       0x34 ./src/Delay.o
                0x08003f5c                _delay_ms
 .text.GPIO_u8ConfigurePin
                0x08003f90      0x12c ./src/GPIO.o
                0x08003f90                GPIO_u8ConfigurePin
 .text.GPIO_u8WritePinValue
                0x080040bc       0x6c ./src/GPIO.o
                0x080040bc                GPIO_u8WritePinValue
 .text.RCC_u8ControlClks
                0x08004128       0x40 ./src/RCC.o
                0x08004128                RCC_u8ControlClks
 .text.RCC_u8SelectSysClk
                0x08004168       0x18 ./src/RCC.o
                0x08004168                RCC_u8SelectSysClk
 .text.RCC_u8ControlPeripherals
                0x08004180       0x6c ./src/RCC.o
                0x08004180                RCC_u8ControlPeripherals
 .text.main     0x080041ec       0x74 ./src/main.o
                0x080041ec                main
 .text          0x08004260      0x21c e:/iti courses/the tourkey course/tourkey tools/arm tools iti/arm gcc/bin/../lib/gcc/arm-none-eabi/5.4.1/armv7-m\libgcc.a(_arm_addsubsf3.o)
                0x08004260                __aeabi_frsub
                0x08004268                __subsf3
                0x08004268                __aeabi_fsub
                0x0800426c                __aeabi_fadd
                0x0800426c                __addsf3
                0x080043cc                __aeabi_ui2f
                0x080043cc                __floatunsisf
                0x080043d4                __aeabi_i2f
                0x080043d4                __floatsisf
                0x080043f0                __aeabi_ul2f
                0x080043f0                __floatundisf
                0x08004400                __aeabi_l2f
                0x08004400                __floatdisf
 .text          0x0800447c      0x2a0 e:/iti courses/the tourkey course/tourkey tools/arm tools iti/arm gcc/bin/../lib/gcc/arm-none-eabi/5.4.1/armv7-m\libgcc.a(_arm_muldivsf3.o)
                0x0800447c                __mulsf3
                0x0800447c                __aeabi_fmul
                0x080045e4                __aeabi_fdiv
                0x080045e4                __divsf3
 .text          0x0800471c       0x40 e:/iti courses/the tourkey course/tourkey tools/arm tools iti/arm gcc/bin/../lib/gcc/arm-none-eabi/5.4.1/armv7-m\libgcc.a(_arm_fixunssfsi.o)
                0x0800471c                __fixunssfsi
                0x0800471c                __aeabi_f2uiz
 .text.__errno  0x0800475c        0xc e:/iti courses/the tourkey course/tourkey tools/arm tools iti/arm gcc/bin/../lib/gcc/arm-none-eabi/5.4.1/../../../../arm-none-eabi/lib/armv7-m\libg_nano.a(lib_a-errno.o)
                0x0800475c                __errno
 .text._vsnprintf_r
                0x08004768       0x56 e:/iti courses/the tourkey course/tourkey tools/arm tools iti/arm gcc/bin/../lib/gcc/arm-none-eabi/5.4.1/../../../../arm-none-eabi/lib/armv7-m\libg_nano.a(lib_a-vsnprintf.o)
                0x08004768                _vsniprintf_r
                0x08004768                _vsnprintf_r
 *fill*         0x080047be        0x2 
 .text.vsnprintf
                0x080047c0       0x1c e:/iti courses/the tourkey course/tourkey tools/arm tools iti/arm gcc/bin/../lib/gcc/arm-none-eabi/5.4.1/../../../../arm-none-eabi/lib/armv7-m\libg_nano.a(lib_a-vsnprintf.o)
                0x080047c0                vsniprintf
                0x080047c0                vsnprintf
 .text.__ssputs_r
                0x080047dc       0xb2 e:/iti courses/the tourkey course/tourkey tools/arm tools iti/arm gcc/bin/../lib/gcc/arm-none-eabi/5.4.1/../../../../arm-none-eabi/lib/armv7-m\libg_nano.a(lib_a-nano-svfprintf.o)
                0x080047dc                __ssputs_r
 *fill*         0x0800488e        0x2 
 .text._svfprintf_r
                0x08004890      0x1e8 e:/iti courses/the tourkey course/tourkey tools/arm tools iti/arm gcc/bin/../lib/gcc/arm-none-eabi/5.4.1/../../../../arm-none-eabi/lib/armv7-m\libg_nano.a(lib_a-nano-svfprintf.o)
                0x08004890                _svfiprintf_r
                0x08004890                _svfprintf_r
 .text._printf_common
                0x08004a78       0xec e:/iti courses/the tourkey course/tourkey tools/arm tools iti/arm gcc/bin/../lib/gcc/arm-none-eabi/5.4.1/../../../../arm-none-eabi/lib/armv7-m\libg_nano.a(lib_a-nano-vfprintf_i.o)
                0x08004a78                _printf_common
 .text._printf_i
                0x08004b64      0x24c e:/iti courses/the tourkey course/tourkey tools/arm tools iti/arm gcc/bin/../lib/gcc/arm-none-eabi/5.4.1/../../../../arm-none-eabi/lib/armv7-m\libg_nano.a(lib_a-nano-vfprintf_i.o)
                0x08004b64                _printf_i
 .text.memchr   0x08004db0       0x1c e:/iti courses/the tourkey course/tourkey tools/arm tools iti/arm gcc/bin/../lib/gcc/arm-none-eabi/5.4.1/../../../../arm-none-eabi/lib/armv7-m\libg_nano.a(lib_a-memchr-stub.o)
                0x08004db0                memchr
 .text.memcpy   0x08004dcc       0x16 e:/iti courses/the tourkey course/tourkey tools/arm tools iti/arm gcc/bin/../lib/gcc/arm-none-eabi/5.4.1/../../../../arm-none-eabi/lib/armv7-m\libg_nano.a(lib_a-memcpy-stub.o)
                0x08004dcc                memcpy
 .text.memmove  0x08004de2       0x36 e:/iti courses/the tourkey course/tourkey tools/arm tools iti/arm gcc/bin/../lib/gcc/arm-none-eabi/5.4.1/../../../../arm-none-eabi/lib/armv7-m\libg_nano.a(lib_a-memmove.o)
                0x08004de2                memmove
 .text._free_r  0x08004e18       0x98 e:/iti courses/the tourkey course/tourkey tools/arm tools iti/arm gcc/bin/../lib/gcc/arm-none-eabi/5.4.1/../../../../arm-none-eabi/lib/armv7-m\libg_nano.a(lib_a-nano-freer.o)
                0x08004e18                _free_r
 .text._malloc_r
                0x08004eb0       0xbc e:/iti courses/the tourkey course/tourkey tools/arm tools iti/arm gcc/bin/../lib/gcc/arm-none-eabi/5.4.1/../../../../arm-none-eabi/lib/armv7-m\libg_nano.a(lib_a-nano-mallocr.o)
                0x08004eb0                _malloc_r
 .text._realloc_r
                0x08004f6c       0x4c e:/iti courses/the tourkey course/tourkey tools/arm tools iti/arm gcc/bin/../lib/gcc/arm-none-eabi/5.4.1/../../../../arm-none-eabi/lib/armv7-m\libg_nano.a(lib_a-nano-reallocr.o)
                0x08004f6c                _realloc_r
 .text._sbrk_r  0x08004fb8       0x20 e:/iti courses/the tourkey course/tourkey tools/arm tools iti/arm gcc/bin/../lib/gcc/arm-none-eabi/5.4.1/../../../../arm-none-eabi/lib/armv7-m\libg_nano.a(lib_a-sbrkr.o)
                0x08004fb8                _sbrk_r
 .text.__malloc_lock
                0x08004fd8        0x2 e:/iti courses/the tourkey course/tourkey tools/arm tools iti/arm gcc/bin/../lib/gcc/arm-none-eabi/5.4.1/../../../../arm-none-eabi/lib/armv7-m\libg_nano.a(lib_a-mlock.o)
                0x08004fd8                __malloc_lock
 .text.__malloc_unlock
                0x08004fda        0x2 e:/iti courses/the tourkey course/tourkey tools/arm tools iti/arm gcc/bin/../lib/gcc/arm-none-eabi/5.4.1/../../../../arm-none-eabi/lib/armv7-m\libg_nano.a(lib_a-mlock.o)
                0x08004fda                __malloc_unlock
 .text._malloc_usable_size_r
                0x08004fdc       0x14 e:/iti courses/the tourkey course/tourkey tools/arm tools iti/arm gcc/bin/../lib/gcc/arm-none-eabi/5.4.1/../../../../arm-none-eabi/lib/armv7-m\libg_nano.a(lib_a-nano-msizer.o)
                0x08004fdc                _malloc_usable_size_r
 *(.rodata .rodata.* .constdata .constdata.*)
 .rodata.str1.4
                0x08004ff0      0x146 ./system/src/cortexm/exception_handlers.o
 *fill*         0x08005136        0x2 
 .rodata        0x08005138        0x4 ./src/main.o
 .rodata.str1.4
                0x0800513c       0x58 ./src/main.o
                                 0x55 (size before relaxing)
 .rodata.str1.1
                0x08005194       0x11 e:/iti courses/the tourkey course/tourkey tools/arm tools iti/arm gcc/bin/../lib/gcc/arm-none-eabi/5.4.1/../../../../arm-none-eabi/lib/armv7-m\libg_nano.a(lib_a-nano-svfprintf.o)
 .rodata.str1.1
                0x080051a5       0x22 e:/iti courses/the tourkey course/tourkey tools/arm tools iti/arm gcc/bin/../lib/gcc/arm-none-eabi/5.4.1/../../../../arm-none-eabi/lib/armv7-m\libg_nano.a(lib_a-nano-vfprintf_i.o)
 *(vtable)
 *(.eh_frame*)
 *(.glue_7)
 .glue_7        0x080051c7        0x0 linker stubs
 *(.glue_7t)
 .glue_7t       0x080051c7        0x0 linker stubs

.vfp11_veneer   0x080051c8        0x0
 .vfp11_veneer  0x080051c8        0x0 linker stubs

.v4_bx          0x080051c8        0x0
 .v4_bx         0x080051c8        0x0 linker stubs

.iplt           0x080051c8        0x0
 .iplt          0x080051c8        0x0 ./system/src/stm32f1-stdperiph/misc.o

.rel.dyn        0x080051c8        0x0
 .rel.iplt      0x080051c8        0x0 ./system/src/stm32f1-stdperiph/misc.o

.ARM.extab
 *(.ARM.extab* .gnu.linkonce.armextab.*)
                0x080051c8                . = ALIGN (0x4)
                0x080051c8                __exidx_start = .

.ARM.exidx
 *(.ARM.exidx* .gnu.linkonce.armexidx.*)
                0x080051c8                __exidx_end = .
                0x080051c8                . = ALIGN (0x4)
                0x080051c8                _etext = .
                0x080051c8                __etext = .

.data_CCMRAM    0x00000000        0x0 load address 0x080051c8
 FILL mask 0xff
 *(.data.CCMRAM .data.CCMRAM.*)
                0x00000000                . = ALIGN (0x4)
                0x080051c8                _sidata = LOADADDR (.data)

.data           0x20000000       0x88 load address 0x080051c8
 FILL mask 0xff
                0x20000000                _sdata = .
                0x20000000                __data_start__ = .
 *(.data_begin .data_begin.*)
 .data_begin    0x20000000        0x4 ./system/src/newlib/_startup.o
 *(.data .data.*)
 .data.argv.4290
                0x20000004        0x8 ./system/src/newlib/_syscalls.o
 .data.AHBPrescTable
                0x2000000c       0x10 ./system/src/cmsis/system_stm32f10x.o
                0x2000000c                AHBPrescTable
 .data.SystemCoreClock
                0x2000001c        0x4 ./system/src/cmsis/system_stm32f10x.o
                0x2000001c                SystemCoreClock
 .data.impure_data
                0x20000020       0x60 e:/iti courses/the tourkey course/tourkey tools/arm tools iti/arm gcc/bin/../lib/gcc/arm-none-eabi/5.4.1/../../../../arm-none-eabi/lib/armv7-m\libg_nano.a(lib_a-impure.o)
 .data._impure_ptr
                0x20000080        0x4 e:/iti courses/the tourkey course/tourkey tools/arm tools iti/arm gcc/bin/../lib/gcc/arm-none-eabi/5.4.1/../../../../arm-none-eabi/lib/armv7-m\libg_nano.a(lib_a-impure.o)
                0x20000080                _impure_ptr
 *(.data_end .data_end.*)
 .data_end      0x20000084        0x4 ./system/src/newlib/_startup.o
                0x20000088                . = ALIGN (0x4)
                0x20000088                _edata = .
                0x20000088                __data_end__ = .

.igot.plt       0x20000088        0x0 load address 0x08005250
 .igot.plt      0x20000088        0x0 ./system/src/stm32f1-stdperiph/misc.o

.bss_CCMRAM     0x00000000        0x0
 *(.bss.CCMRAM .bss.CCMRAM.*)

.bss            0x20000088       0x9c
                0x20000088                __bss_start__ = .
                0x20000088                _sbss = .
 *(.bss_begin .bss_begin.*)
 .bss_begin     0x20000088        0x4 ./system/src/newlib/_startup.o
 *(.bss .bss.*)
 .bss.current_heap_end.3974
                0x2000008c        0x4 ./system/src/newlib/_sbrk.o
 .bss.name.4289
                0x20000090        0x1 ./system/src/newlib/_syscalls.o
 *fill*         0x20000091        0x3 
 .bss.buf.5179  0x20000094       0x80 ./system/src/diag/Trace.o
 .bss.__malloc_sbrk_start
                0x20000114        0x4 e:/iti courses/the tourkey course/tourkey tools/arm tools iti/arm gcc/bin/../lib/gcc/arm-none-eabi/5.4.1/../../../../arm-none-eabi/lib/armv7-m\libg_nano.a(lib_a-nano-mallocr.o)
                0x20000114                __malloc_sbrk_start
 .bss.__malloc_free_list
                0x20000118        0x4 e:/iti courses/the tourkey course/tourkey tools/arm tools iti/arm gcc/bin/../lib/gcc/arm-none-eabi/5.4.1/../../../../arm-none-eabi/lib/armv7-m\libg_nano.a(lib_a-nano-mallocr.o)
                0x20000118                __malloc_free_list
 *(COMMON)
 COMMON         0x2000011c        0x4 ./system/src/newlib/_syscalls.o
                0x2000011c                errno
 *(.bss_end .bss_end.*)
 .bss_end       0x20000120        0x4 ./system/src/newlib/_startup.o
                0x20000124                . = ALIGN (0x4)
                0x20000124                __bss_end__ = .
                0x20000124                _ebss = .

.noinit_CCMRAM
 *(.noinit.CCMRAM .noinit.CCMRAM.*)

.noinit         0x20000124        0x0
                0x20000124                _noinit = .
 *(.noinit .noinit.*)
                0x20000124                . = ALIGN (0x4)
                0x20000124                _end_noinit = .
                [!provide]                PROVIDE (end, _end_noinit)
                [!provide]                PROVIDE (_end, _end_noinit)
                [!provide]                PROVIDE (__end, _end_noinit)
                [!provide]                PROVIDE (__end__, _end_noinit)

._check_stack   0x20000124      0x100
                0x20000224                . = (. + _Minimum_Stack_Size)
 *fill*         0x20000124      0x100 

.b1text
 *(.b1text)
 *(.b1rodata)
 *(.b1rodata.*)

.eb0text
 *(.eb0text)
 *(.eb0rodata)
 *(.eb0rodata.*)

.eb1text
 *(.eb1text)
 *(.eb1rodata)
 *(.eb1rodata.*)

.eb2text
 *(.eb2text)
 *(.eb2rodata)
 *(.eb2rodata.*)

.eb3text
 *(.eb3text)
 *(.eb3rodata)
 *(.eb3rodata.*)

.stab
 *(.stab)

.stabstr
 *(.stabstr)

.stab.excl
 *(.stab.excl)

.stab.exclstr
 *(.stab.exclstr)

.stab.index
 *(.stab.index)

.stab.indexstr
 *(.stab.indexstr)

.comment        0x00000000       0x6e
 *(.comment)
 .comment       0x00000000       0x6e ./system/src/newlib/_exit.o
                                 0x6f (size before relaxing)
 .comment       0x0000006e       0x6f ./system/src/newlib/_sbrk.o
 .comment       0x0000006e       0x6f ./system/src/newlib/_startup.o
 .comment       0x0000006e       0x6f ./system/src/newlib/_syscalls.o
 .comment       0x0000006e       0x6f ./system/src/diag/Trace.o
 .comment       0x0000006e       0x6f ./system/src/diag/trace_impl.o
 .comment       0x0000006e       0x6f ./system/src/cortexm/_initialize_hardware.o
 .comment       0x0000006e       0x6f ./system/src/cortexm/exception_handlers.o
 .comment       0x0000006e       0x6f ./system/src/cmsis/system_stm32f10x.o
 .comment       0x0000006e       0x6f ./system/src/cmsis/vectors_stm32f10x.o
 .comment       0x0000006e       0x6f ./src/Delay.o
 .comment       0x0000006e       0x6f ./src/GPIO.o
 .comment       0x0000006e       0x6f ./src/RCC.o
 .comment       0x0000006e       0x6f ./src/main.o

.ARM.attributes
                0x00000000       0x31
 .ARM.attributes
                0x00000000       0x33 ./system/src/newlib/_exit.o
 .ARM.attributes
                0x00000033       0x33 ./system/src/newlib/_sbrk.o
 .ARM.attributes
                0x00000066       0x33 ./system/src/newlib/_startup.o
 .ARM.attributes
                0x00000099       0x33 ./system/src/newlib/_syscalls.o
 .ARM.attributes
                0x000000cc       0x33 ./system/src/diag/Trace.o
 .ARM.attributes
                0x000000ff       0x33 ./system/src/diag/trace_impl.o
 .ARM.attributes
                0x00000132       0x33 ./system/src/cortexm/_initialize_hardware.o
 .ARM.attributes
                0x00000165       0x33 ./system/src/cortexm/exception_handlers.o
 .ARM.attributes
                0x00000198       0x33 ./system/src/cmsis/system_stm32f10x.o
 .ARM.attributes
                0x000001cb       0x33 ./system/src/cmsis/vectors_stm32f10x.o
 .ARM.attributes
                0x000001fe       0x33 ./src/Delay.o
 .ARM.attributes
                0x00000231       0x33 ./src/GPIO.o
 .ARM.attributes
                0x00000264       0x33 ./src/RCC.o
 .ARM.attributes
                0x00000297       0x33 ./src/main.o
 .ARM.attributes
                0x000002ca       0x1d e:/iti courses/the tourkey course/tourkey tools/arm tools iti/arm gcc/bin/../lib/gcc/arm-none-eabi/5.4.1/armv7-m\libgcc.a(_arm_addsubsf3.o)
 .ARM.attributes
                0x000002e7       0x1d e:/iti courses/the tourkey course/tourkey tools/arm tools iti/arm gcc/bin/../lib/gcc/arm-none-eabi/5.4.1/armv7-m\libgcc.a(_arm_muldivsf3.o)
 .ARM.attributes
                0x00000304       0x1d e:/iti courses/the tourkey course/tourkey tools/arm tools iti/arm gcc/bin/../lib/gcc/arm-none-eabi/5.4.1/armv7-m\libgcc.a(_arm_fixunssfsi.o)
 .ARM.attributes
                0x00000321       0x2d e:/iti courses/the tourkey course/tourkey tools/arm tools iti/arm gcc/bin/../lib/gcc/arm-none-eabi/5.4.1/../../../../arm-none-eabi/lib/armv7-m\libg_nano.a(lib_a-errno.o)
 .ARM.attributes
                0x0000034e       0x2d e:/iti courses/the tourkey course/tourkey tools/arm tools iti/arm gcc/bin/../lib/gcc/arm-none-eabi/5.4.1/../../../../arm-none-eabi/lib/armv7-m\libg_nano.a(lib_a-impure.o)
 .ARM.attributes
                0x0000037b       0x2d e:/iti courses/the tourkey course/tourkey tools/arm tools iti/arm gcc/bin/../lib/gcc/arm-none-eabi/5.4.1/../../../../arm-none-eabi/lib/armv7-m\libg_nano.a(lib_a-vsnprintf.o)
 .ARM.attributes
                0x000003a8       0x2d e:/iti courses/the tourkey course/tourkey tools/arm tools iti/arm gcc/bin/../lib/gcc/arm-none-eabi/5.4.1/../../../../arm-none-eabi/lib/armv7-m\libg_nano.a(lib_a-nano-svfprintf.o)
 .ARM.attributes
                0x000003d5       0x2d e:/iti courses/the tourkey course/tourkey tools/arm tools iti/arm gcc/bin/../lib/gcc/arm-none-eabi/5.4.1/../../../../arm-none-eabi/lib/armv7-m\libg_nano.a(lib_a-nano-vfprintf_i.o)
 .ARM.attributes
                0x00000402       0x2d e:/iti courses/the tourkey course/tourkey tools/arm tools iti/arm gcc/bin/../lib/gcc/arm-none-eabi/5.4.1/../../../../arm-none-eabi/lib/armv7-m\libg_nano.a(lib_a-memchr-stub.o)
 .ARM.attributes
                0x0000042f       0x2d e:/iti courses/the tourkey course/tourkey tools/arm tools iti/arm gcc/bin/../lib/gcc/arm-none-eabi/5.4.1/../../../../arm-none-eabi/lib/armv7-m\libg_nano.a(lib_a-memcpy-stub.o)
 .ARM.attributes
                0x0000045c       0x2d e:/iti courses/the tourkey course/tourkey tools/arm tools iti/arm gcc/bin/../lib/gcc/arm-none-eabi/5.4.1/../../../../arm-none-eabi/lib/armv7-m\libg_nano.a(lib_a-memmove.o)
 .ARM.attributes
                0x00000489       0x2d e:/iti courses/the tourkey course/tourkey tools/arm tools iti/arm gcc/bin/../lib/gcc/arm-none-eabi/5.4.1/../../../../arm-none-eabi/lib/armv7-m\libg_nano.a(lib_a-nano-freer.o)
 .ARM.attributes
                0x000004b6       0x2d e:/iti courses/the tourkey course/tourkey tools/arm tools iti/arm gcc/bin/../lib/gcc/arm-none-eabi/5.4.1/../../../../arm-none-eabi/lib/armv7-m\libg_nano.a(lib_a-nano-mallocr.o)
 .ARM.attributes
                0x000004e3       0x2d e:/iti courses/the tourkey course/tourkey tools/arm tools iti/arm gcc/bin/../lib/gcc/arm-none-eabi/5.4.1/../../../../arm-none-eabi/lib/armv7-m\libg_nano.a(lib_a-nano-reallocr.o)
 .ARM.attributes
                0x00000510       0x2d e:/iti courses/the tourkey course/tourkey tools/arm tools iti/arm gcc/bin/../lib/gcc/arm-none-eabi/5.4.1/../../../../arm-none-eabi/lib/armv7-m\libg_nano.a(lib_a-sbrkr.o)
 .ARM.attributes
                0x0000053d       0x2d e:/iti courses/the tourkey course/tourkey tools/arm tools iti/arm gcc/bin/../lib/gcc/arm-none-eabi/5.4.1/../../../../arm-none-eabi/lib/armv7-m\libg_nano.a(lib_a-mlock.o)
 .ARM.attributes
                0x0000056a       0x2d e:/iti courses/the tourkey course/tourkey tools/arm tools iti/arm gcc/bin/../lib/gcc/arm-none-eabi/5.4.1/../../../../arm-none-eabi/lib/armv7-m\libg_nano.a(lib_a-nano-msizer.o)

.debug
 *(.debug)

.line
 *(.line)

.debug_srcinfo
 *(.debug_srcinfo)

.debug_sfnames
 *(.debug_sfnames)

.debug_aranges  0x00000000      0x2c8
 *(.debug_aranges)
 .debug_aranges
                0x00000000       0x28 ./system/src/newlib/_exit.o
 .debug_aranges
                0x00000028       0x20 ./system/src/newlib/_sbrk.o
 .debug_aranges
                0x00000048       0x40 ./system/src/newlib/_startup.o
 .debug_aranges
                0x00000088       0x30 ./system/src/newlib/_syscalls.o
 .debug_aranges
                0x000000b8       0x38 ./system/src/diag/Trace.o
 .debug_aranges
                0x000000f0       0x30 ./system/src/diag/trace_impl.o
 .debug_aranges
                0x00000120       0x28 ./system/src/cortexm/_initialize_hardware.o
 .debug_aranges
                0x00000148       0x90 ./system/src/cortexm/exception_handlers.o
 .debug_aranges
                0x000001d8       0x38 ./system/src/cmsis/system_stm32f10x.o
 .debug_aranges
                0x00000210       0x20 ./system/src/cmsis/vectors_stm32f10x.o
 .debug_aranges
                0x00000230       0x20 ./src/Delay.o
 .debug_aranges
                0x00000250       0x28 ./src/GPIO.o
 .debug_aranges
                0x00000278       0x30 ./src/RCC.o
 .debug_aranges
                0x000002a8       0x20 ./src/main.o

.debug_pubnames
 *(.debug_pubnames)

.debug_info     0x00000000     0x2637
 *(.debug_info .gnu.linkonce.wi.*)
 .debug_info    0x00000000       0xef ./system/src/newlib/_exit.o
 .debug_info    0x000000ef      0x11f ./system/src/newlib/_sbrk.o
 .debug_info    0x0000020e      0x455 ./system/src/newlib/_startup.o
 .debug_info    0x00000663      0x1c7 ./system/src/newlib/_syscalls.o
 .debug_info    0x0000082a      0x2e7 ./system/src/diag/Trace.o
 .debug_info    0x00000b11      0x30b ./system/src/diag/trace_impl.o
 .debug_info    0x00000e1c      0x2a6 ./system/src/cortexm/_initialize_hardware.o
 .debug_info    0x000010c2      0x8da ./system/src/cortexm/exception_handlers.o
 .debug_info    0x0000199c      0x497 ./system/src/cmsis/system_stm32f10x.o
 .debug_info    0x00001e33       0xd1 ./system/src/cmsis/vectors_stm32f10x.o
 .debug_info    0x00001f04       0xaf ./src/Delay.o
 .debug_info    0x00001fb3      0x230 ./src/GPIO.o
 .debug_info    0x000021e3      0x229 ./src/RCC.o
 .debug_info    0x0000240c      0x22b ./src/main.o

.debug_abbrev   0x00000000      0xf3c
 *(.debug_abbrev)
 .debug_abbrev  0x00000000       0x8e ./system/src/newlib/_exit.o
 .debug_abbrev  0x0000008e       0xb9 ./system/src/newlib/_sbrk.o
 .debug_abbrev  0x00000147      0x1ac ./system/src/newlib/_startup.o
 .debug_abbrev  0x000002f3       0xec ./system/src/newlib/_syscalls.o
 .debug_abbrev  0x000003df      0x156 ./system/src/diag/Trace.o
 .debug_abbrev  0x00000535      0x1c8 ./system/src/diag/trace_impl.o
 .debug_abbrev  0x000006fd       0xd9 ./system/src/cortexm/_initialize_hardware.o
 .debug_abbrev  0x000007d6      0x247 ./system/src/cortexm/exception_handlers.o
 .debug_abbrev  0x00000a1d      0x159 ./system/src/cmsis/system_stm32f10x.o
 .debug_abbrev  0x00000b76       0x9d ./system/src/cmsis/vectors_stm32f10x.o
 .debug_abbrev  0x00000c13       0x74 ./src/Delay.o
 .debug_abbrev  0x00000c87       0xe1 ./src/GPIO.o
 .debug_abbrev  0x00000d68       0xe7 ./src/RCC.o
 .debug_abbrev  0x00000e4f       0xed ./src/main.o

.debug_line     0x00000000     0x2bcf
 *(.debug_line)
 .debug_line    0x00000000      0x371 ./system/src/newlib/_exit.o
 .debug_line    0x00000371      0x322 ./system/src/newlib/_sbrk.o
 .debug_line    0x00000693      0x3d9 ./system/src/newlib/_startup.o
 .debug_line    0x00000a6c      0x44a ./system/src/newlib/_syscalls.o
 .debug_line    0x00000eb6      0x3df ./system/src/diag/Trace.o
 .debug_line    0x00001295      0x657 ./system/src/diag/trace_impl.o
 .debug_line    0x000018ec      0x382 ./system/src/cortexm/_initialize_hardware.o
 .debug_line    0x00001c6e      0x700 ./system/src/cortexm/exception_handlers.o
 .debug_line    0x0000236e      0x3e0 ./system/src/cmsis/system_stm32f10x.o
 .debug_line    0x0000274e      0x110 ./system/src/cmsis/vectors_stm32f10x.o
 .debug_line    0x0000285e       0x85 ./src/Delay.o
 .debug_line    0x000028e3      0x195 ./src/GPIO.o
 .debug_line    0x00002a78       0xc7 ./src/RCC.o
 .debug_line    0x00002b3f       0x90 ./src/main.o

.debug_frame    0x00000000      0x800
 *(.debug_frame)
 .debug_frame   0x00000000       0x38 ./system/src/newlib/_exit.o
 .debug_frame   0x00000038       0x28 ./system/src/newlib/_sbrk.o
 .debug_frame   0x00000060       0x7c ./system/src/newlib/_startup.o
 .debug_frame   0x000000dc       0x50 ./system/src/newlib/_syscalls.o
 .debug_frame   0x0000012c       0x94 ./system/src/diag/Trace.o
 .debug_frame   0x000001c0       0x60 ./system/src/diag/trace_impl.o
 .debug_frame   0x00000220       0x40 ./system/src/cortexm/_initialize_hardware.o
 .debug_frame   0x00000260      0x158 ./system/src/cortexm/exception_handlers.o
 .debug_frame   0x000003b8       0x68 ./system/src/cmsis/system_stm32f10x.o
 .debug_frame   0x00000420       0x20 ./system/src/cmsis/vectors_stm32f10x.o
 .debug_frame   0x00000440       0x28 ./src/Delay.o
 .debug_frame   0x00000468       0x40 ./src/GPIO.o
 .debug_frame   0x000004a8       0x40 ./src/RCC.o
 .debug_frame   0x000004e8       0x2c ./src/main.o
 .debug_frame   0x00000514       0x20 e:/iti courses/the tourkey course/tourkey tools/arm tools iti/arm gcc/bin/../lib/gcc/arm-none-eabi/5.4.1/../../../../arm-none-eabi/lib/armv7-m\libg_nano.a(lib_a-errno.o)
 .debug_frame   0x00000534       0x48 e:/iti courses/the tourkey course/tourkey tools/arm tools iti/arm gcc/bin/../lib/gcc/arm-none-eabi/5.4.1/../../../../arm-none-eabi/lib/armv7-m\libg_nano.a(lib_a-vsnprintf.o)
 .debug_frame   0x0000057c       0x90 e:/iti courses/the tourkey course/tourkey tools/arm tools iti/arm gcc/bin/../lib/gcc/arm-none-eabi/5.4.1/../../../../arm-none-eabi/lib/armv7-m\libg_nano.a(lib_a-nano-svfprintf.o)
 .debug_frame   0x0000060c       0x60 e:/iti courses/the tourkey course/tourkey tools/arm tools iti/arm gcc/bin/../lib/gcc/arm-none-eabi/5.4.1/../../../../arm-none-eabi/lib/armv7-m\libg_nano.a(lib_a-nano-vfprintf_i.o)
 .debug_frame   0x0000066c       0x28 e:/iti courses/the tourkey course/tourkey tools/arm tools iti/arm gcc/bin/../lib/gcc/arm-none-eabi/5.4.1/../../../../arm-none-eabi/lib/armv7-m\libg_nano.a(lib_a-memchr-stub.o)
 .debug_frame   0x00000694       0x28 e:/iti courses/the tourkey course/tourkey tools/arm tools iti/arm gcc/bin/../lib/gcc/arm-none-eabi/5.4.1/../../../../arm-none-eabi/lib/armv7-m\libg_nano.a(lib_a-memcpy-stub.o)
 .debug_frame   0x000006bc       0x28 e:/iti courses/the tourkey course/tourkey tools/arm tools iti/arm gcc/bin/../lib/gcc/arm-none-eabi/5.4.1/../../../../arm-none-eabi/lib/armv7-m\libg_nano.a(lib_a-memmove.o)
 .debug_frame   0x000006e4       0x38 e:/iti courses/the tourkey course/tourkey tools/arm tools iti/arm gcc/bin/../lib/gcc/arm-none-eabi/5.4.1/../../../../arm-none-eabi/lib/armv7-m\libg_nano.a(lib_a-nano-freer.o)
 .debug_frame   0x0000071c       0x2c e:/iti courses/the tourkey course/tourkey tools/arm tools iti/arm gcc/bin/../lib/gcc/arm-none-eabi/5.4.1/../../../../arm-none-eabi/lib/armv7-m\libg_nano.a(lib_a-nano-mallocr.o)
 .debug_frame   0x00000748       0x3c e:/iti courses/the tourkey course/tourkey tools/arm tools iti/arm gcc/bin/../lib/gcc/arm-none-eabi/5.4.1/../../../../arm-none-eabi/lib/armv7-m\libg_nano.a(lib_a-nano-reallocr.o)
 .debug_frame   0x00000784       0x2c e:/iti courses/the tourkey course/tourkey tools/arm tools iti/arm gcc/bin/../lib/gcc/arm-none-eabi/5.4.1/../../../../arm-none-eabi/lib/armv7-m\libg_nano.a(lib_a-sbrkr.o)
 .debug_frame   0x000007b0       0x30 e:/iti courses/the tourkey course/tourkey tools/arm tools iti/arm gcc/bin/../lib/gcc/arm-none-eabi/5.4.1/../../../../arm-none-eabi/lib/armv7-m\libg_nano.a(lib_a-mlock.o)
 .debug_frame   0x000007e0       0x20 e:/iti courses/the tourkey course/tourkey tools/arm tools iti/arm gcc/bin/../lib/gcc/arm-none-eabi/5.4.1/../../../../arm-none-eabi/lib/armv7-m\libg_nano.a(lib_a-nano-msizer.o)

.debug_str      0x00000000    0x577f9
 *(.debug_str)
 .debug_str     0x00000000     0x6d42 ./system/src/newlib/_exit.o
                               0x6eb4 (size before relaxing)
 .debug_str     0x00006d42      0x4de ./system/src/newlib/_sbrk.o
                               0x629f (size before relaxing)
 .debug_str     0x00007220      0xbda ./system/src/newlib/_startup.o
                               0x5e6b (size before relaxing)
 .debug_str     0x00007dfa      0xe18 ./system/src/newlib/_syscalls.o
                               0x70ff (size before relaxing)
 .debug_str     0x00008c12      0x890 ./system/src/diag/Trace.o
                               0x76a4 (size before relaxing)
 .debug_str     0x000094a2    0x4b2af ./system/src/diag/trace_impl.o
                              0x51e66 (size before relaxing)
 .debug_str     0x00054751       0xdb ./system/src/cortexm/_initialize_hardware.o
                              0x4e037 (size before relaxing)
 .debug_str     0x0005482c      0x1a6 ./system/src/cortexm/exception_handlers.o
                              0x52c28 (size before relaxing)
 .debug_str     0x000549d2      0x124 ./system/src/cmsis/system_stm32f10x.o
                              0x4e0ca (size before relaxing)
 .debug_str     0x00054af6       0x57 ./system/src/cmsis/vectors_stm32f10x.o
                               0x306f (size before relaxing)
 .debug_str     0x00054b4d      0x1d8 ./src/Delay.o
                               0x276b (size before relaxing)
 .debug_str     0x00054d25      0x8dd ./src/GPIO.o
                               0x301b (size before relaxing)
 .debug_str     0x00055602     0x21df ./src/RCC.o
                               0x4872 (size before relaxing)
 .debug_str     0x000577e1       0x18 ./src/main.o
                               0x5010 (size before relaxing)

.debug_loc      0x00000000     0x1016
 *(.debug_loc)
 .debug_loc     0x00000000       0x82 ./system/src/newlib/_sbrk.o
 .debug_loc     0x00000082      0x265 ./system/src/newlib/_startup.o
 .debug_loc     0x000002e7       0x63 ./system/src/newlib/_syscalls.o
 .debug_loc     0x0000034a      0x102 ./system/src/diag/Trace.o
 .debug_loc     0x0000044c      0x17c ./system/src/diag/trace_impl.o
 .debug_loc     0x000005c8      0x2a8 ./system/src/cortexm/exception_handlers.o
 .debug_loc     0x00000870       0xdf ./system/src/cmsis/system_stm32f10x.o
 .debug_loc     0x0000094f       0x40 ./src/Delay.o
 .debug_loc     0x0000098f      0x2e0 ./src/GPIO.o
 .debug_loc     0x00000c6f      0x3a7 ./src/RCC.o

.debug_macinfo
 *(.debug_macinfo)

.debug_weaknames
 *(.debug_weaknames)

.debug_funcnames
 *(.debug_funcnames)

.debug_typenames
 *(.debug_typenames)

.debug_varnames
 *(.debug_varnames)
OUTPUT(Our_Blinky.elf elf32-littlearm)

.debug_ranges   0x00000000      0x230
 .debug_ranges  0x00000000       0x18 ./system/src/newlib/_exit.o
 .debug_ranges  0x00000018       0x10 ./system/src/newlib/_sbrk.o
 .debug_ranges  0x00000028       0x48 ./system/src/newlib/_startup.o
 .debug_ranges  0x00000070       0x20 ./system/src/newlib/_syscalls.o
 .debug_ranges  0x00000090       0x28 ./system/src/diag/Trace.o
 .debug_ranges  0x000000b8       0x38 ./system/src/diag/trace_impl.o
 .debug_ranges  0x000000f0       0x18 ./system/src/cortexm/_initialize_hardware.o
 .debug_ranges  0x00000108       0x98 ./system/src/cortexm/exception_handlers.o
 .debug_ranges  0x000001a0       0x28 ./system/src/cmsis/system_stm32f10x.o
 .debug_ranges  0x000001c8       0x10 ./system/src/cmsis/vectors_stm32f10x.o
 .debug_ranges  0x000001d8       0x10 ./src/Delay.o
 .debug_ranges  0x000001e8       0x18 ./src/GPIO.o
 .debug_ranges  0x00000200       0x20 ./src/RCC.o
 .debug_ranges  0x00000220       0x10 ./src/main.o

.debug_macro    0x00000000     0x2b7e
 .debug_macro   0x00000000      0x19c ./system/src/newlib/_exit.o
 .debug_macro   0x0000019c       0x9c ./system/src/newlib/_exit.o
 .debug_macro   0x00000238      0x10e ./system/src/newlib/_exit.o
 .debug_macro   0x00000346       0x8d ./system/src/newlib/_exit.o
 .debug_macro   0x000003d3       0x43 ./system/src/newlib/_exit.o
 .debug_macro   0x00000416      0x30d ./system/src/newlib/_exit.o
 .debug_macro   0x00000723       0x35 ./system/src/newlib/_exit.o
 .debug_macro   0x00000758      0x151 ./system/src/newlib/_sbrk.o
 .debug_macro   0x000008a9      0x174 ./system/src/newlib/_sbrk.o
 .debug_macro   0x00000a1d       0x10 ./system/src/newlib/_sbrk.o
 .debug_macro   0x00000a2d      0x23b ./system/src/newlib/_sbrk.o
 .debug_macro   0x00000c68      0x162 ./system/src/newlib/_startup.o
 .debug_macro   0x00000dca      0x1ff ./system/src/newlib/_syscalls.o
 .debug_macro   0x00000fc9       0x1c ./system/src/newlib/_syscalls.o
 .debug_macro   0x00000fe5       0x10 ./system/src/newlib/_syscalls.o
 .debug_macro   0x00000ff5       0x10 ./system/src/newlib/_syscalls.o
 .debug_macro   0x00001005       0x10 ./system/src/newlib/_syscalls.o
 .debug_macro   0x00001015       0x35 ./system/src/newlib/_syscalls.o
 .debug_macro   0x0000104a      0x122 ./system/src/newlib/_syscalls.o
 .debug_macro   0x0000116c       0x88 ./system/src/newlib/_syscalls.o
 .debug_macro   0x000011f4       0x2b ./system/src/newlib/_syscalls.o
 .debug_macro   0x0000121f      0x118 ./system/src/newlib/_syscalls.o
 .debug_macro   0x00001337      0x159 ./system/src/newlib/_syscalls.o
 .debug_macro   0x00001490       0x16 ./system/src/newlib/_syscalls.o
 .debug_macro   0x000014a6      0x1d9 ./system/src/diag/Trace.o
 .debug_macro   0x0000167f       0x16 ./system/src/diag/Trace.o
 .debug_macro   0x00001695       0x97 ./system/src/diag/Trace.o
 .debug_macro   0x0000172c       0xfd ./system/src/diag/Trace.o
 .debug_macro   0x00001829       0x10 ./system/src/diag/Trace.o
 .debug_macro   0x00001839       0x16 ./system/src/diag/Trace.o
 .debug_macro   0x0000184f      0x18b ./system/src/diag/Trace.o
 .debug_macro   0x000019da       0x4c ./system/src/diag/Trace.o
 .debug_macro   0x00001a26       0x16 ./system/src/diag/Trace.o
 .debug_macro   0x00001a3c      0x2c2 ./system/src/diag/trace_impl.o
 .debug_macro   0x00001cfe       0x10 ./system/src/diag/trace_impl.o
 .debug_macro   0x00001d0e       0xcf ./system/src/diag/trace_impl.o
 .debug_macro   0x00001ddd       0xbe ./system/src/diag/trace_impl.o
 .debug_macro   0x00001e9b       0x22 ./system/src/diag/trace_impl.o
 .debug_macro   0x00001ebd      0x177 ./system/src/cortexm/_initialize_hardware.o
 .debug_macro   0x00002034      0x302 ./system/src/cortexm/exception_handlers.o
 .debug_macro   0x00002336       0x3b ./system/src/cortexm/exception_handlers.o
 .debug_macro   0x00002371       0x10 ./system/src/cortexm/exception_handlers.o
 .debug_macro   0x00002381      0x16e ./system/src/cmsis/system_stm32f10x.o
 .debug_macro   0x000024ef       0x34 ./system/src/cmsis/vectors_stm32f10x.o
 .debug_macro   0x00002523       0x33 ./src/Delay.o
 .debug_macro   0x00002556       0x64 ./src/Delay.o
 .debug_macro   0x000025ba       0x28 ./src/Delay.o
 .debug_macro   0x000025e2       0x2c ./src/GPIO.o
 .debug_macro   0x0000260e       0xf4 ./src/GPIO.o
 .debug_macro   0x00002702       0x29 ./src/RCC.o
 .debug_macro   0x0000272b      0x419 ./src/RCC.o
 .debug_macro   0x00002b44       0x3a ./src/main.o
