Archive member included to satisfy reference by file (symbol)

e:/iti courses/introduction to embedded systems (assaf)/labprograms/sdk sources/imt_sdk_win_64/winarm/armgcc/bin/../lib/gcc/arm-none-eabi/7.2.1/thumb/v7-m\libgcc.a(_arm_addsubdf3.o)
                              ./src/dUSART.o (__aeabi_dadd)
e:/iti courses/introduction to embedded systems (assaf)/labprograms/sdk sources/imt_sdk_win_64/winarm/armgcc/bin/../lib/gcc/arm-none-eabi/7.2.1/thumb/v7-m\libgcc.a(_arm_cmpdf2.o)
                              ./src/dUSART.o (__aeabi_dcmpgt)
e:/iti courses/introduction to embedded systems (assaf)/labprograms/sdk sources/imt_sdk_win_64/winarm/armgcc/bin/../lib/gcc/arm-none-eabi/7.2.1/thumb/v7-m\libgcc.a(_arm_addsubsf3.o)
                              ./src/Delay.o (__aeabi_fsub)
e:/iti courses/introduction to embedded systems (assaf)/labprograms/sdk sources/imt_sdk_win_64/winarm/armgcc/bin/../lib/gcc/arm-none-eabi/7.2.1/thumb/v7-m\libgcc.a(_arm_muldivsf3.o)
                              ./src/dUSART.o (__aeabi_fmul)
e:/iti courses/introduction to embedded systems (assaf)/labprograms/sdk sources/imt_sdk_win_64/winarm/armgcc/bin/../lib/gcc/arm-none-eabi/7.2.1/thumb/v7-m\libgcc.a(_arm_fixunssfsi.o)
                              ./src/Delay.o (__aeabi_f2uiz)
e:/iti courses/introduction to embedded systems (assaf)/labprograms/sdk sources/imt_sdk_win_64/winarm/armgcc/bin/../lib/gcc/arm-none-eabi/7.2.1/../../../../arm-none-eabi/lib/thumb/v7-m\libg_nano.a(lib_a-errno.o)
                              ./system/src/newlib/_sbrk.o (__errno)
e:/iti courses/introduction to embedded systems (assaf)/labprograms/sdk sources/imt_sdk_win_64/winarm/armgcc/bin/../lib/gcc/arm-none-eabi/7.2.1/../../../../arm-none-eabi/lib/thumb/v7-m\libg_nano.a(lib_a-impure.o)
                              e:/iti courses/introduction to embedded systems (assaf)/labprograms/sdk sources/imt_sdk_win_64/winarm/armgcc/bin/../lib/gcc/arm-none-eabi/7.2.1/../../../../arm-none-eabi/lib/thumb/v7-m\libg_nano.a(lib_a-errno.o) (_impure_ptr)
e:/iti courses/introduction to embedded systems (assaf)/labprograms/sdk sources/imt_sdk_win_64/winarm/armgcc/bin/../lib/gcc/arm-none-eabi/7.2.1/../../../../arm-none-eabi/lib/thumb/v7-m\libg_nano.a(lib_a-strlen.o)
                              ./system/src/diag/Trace.o (strlen)
e:/iti courses/introduction to embedded systems (assaf)/labprograms/sdk sources/imt_sdk_win_64/winarm/armgcc/bin/../lib/gcc/arm-none-eabi/7.2.1/../../../../arm-none-eabi/lib/thumb/v7-m\libg_nano.a(lib_a-vsnprintf.o)
                              ./system/src/diag/Trace.o (vsnprintf)
e:/iti courses/introduction to embedded systems (assaf)/labprograms/sdk sources/imt_sdk_win_64/winarm/armgcc/bin/../lib/gcc/arm-none-eabi/7.2.1/../../../../arm-none-eabi/lib/thumb/v7-m\libg_nano.a(lib_a-nano-svfprintf.o)
                              e:/iti courses/introduction to embedded systems (assaf)/labprograms/sdk sources/imt_sdk_win_64/winarm/armgcc/bin/../lib/gcc/arm-none-eabi/7.2.1/../../../../arm-none-eabi/lib/thumb/v7-m\libg_nano.a(lib_a-vsnprintf.o) (_svfprintf_r)
e:/iti courses/introduction to embedded systems (assaf)/labprograms/sdk sources/imt_sdk_win_64/winarm/armgcc/bin/../lib/gcc/arm-none-eabi/7.2.1/../../../../arm-none-eabi/lib/thumb/v7-m\libg_nano.a(lib_a-nano-vfprintf_i.o)
                              e:/iti courses/introduction to embedded systems (assaf)/labprograms/sdk sources/imt_sdk_win_64/winarm/armgcc/bin/../lib/gcc/arm-none-eabi/7.2.1/../../../../arm-none-eabi/lib/thumb/v7-m\libg_nano.a(lib_a-nano-svfprintf.o) (_printf_i)
e:/iti courses/introduction to embedded systems (assaf)/labprograms/sdk sources/imt_sdk_win_64/winarm/armgcc/bin/../lib/gcc/arm-none-eabi/7.2.1/../../../../arm-none-eabi/lib/thumb/v7-m\libg_nano.a(lib_a-memchr-stub.o)
                              e:/iti courses/introduction to embedded systems (assaf)/labprograms/sdk sources/imt_sdk_win_64/winarm/armgcc/bin/../lib/gcc/arm-none-eabi/7.2.1/../../../../arm-none-eabi/lib/thumb/v7-m\libg_nano.a(lib_a-nano-svfprintf.o) (memchr)
e:/iti courses/introduction to embedded systems (assaf)/labprograms/sdk sources/imt_sdk_win_64/winarm/armgcc/bin/../lib/gcc/arm-none-eabi/7.2.1/../../../../arm-none-eabi/lib/thumb/v7-m\libg_nano.a(lib_a-memcpy-stub.o)
                              e:/iti courses/introduction to embedded systems (assaf)/labprograms/sdk sources/imt_sdk_win_64/winarm/armgcc/bin/../lib/gcc/arm-none-eabi/7.2.1/../../../../arm-none-eabi/lib/thumb/v7-m\libg_nano.a(lib_a-nano-svfprintf.o) (memcpy)
e:/iti courses/introduction to embedded systems (assaf)/labprograms/sdk sources/imt_sdk_win_64/winarm/armgcc/bin/../lib/gcc/arm-none-eabi/7.2.1/../../../../arm-none-eabi/lib/thumb/v7-m\libg_nano.a(lib_a-memmove.o)
                              e:/iti courses/introduction to embedded systems (assaf)/labprograms/sdk sources/imt_sdk_win_64/winarm/armgcc/bin/../lib/gcc/arm-none-eabi/7.2.1/../../../../arm-none-eabi/lib/thumb/v7-m\libg_nano.a(lib_a-nano-svfprintf.o) (memmove)
[...]
Memory Configuration

Name             Origin             Length             Attributes
RAM              0x20000000         0x00005000         xrw
CCMRAM           0x00000000         0x00000000         xrw
FLASH            0x08000000         0x00003400         xr
FLASHB1          0x00000000         0x00000000         xr
EXTMEMB0         0x00000000         0x00000000         xr
EXTMEMB1         0x00000000         0x00000000         xr
EXTMEMB2         0x00000000         0x00000000         xr
EXTMEMB3         0x00000000         0x00000000         xr
MEMORY_ARRAY     0x00000000         0x00000000         xrw
*default*        0x00000000         0xffffffff

Linker script and memory map

LOAD ./system/src/stm32f1-stdperiph/misc.o
LOAD ./system/src/stm32f1-stdperiph/stm32f10x_gpio.o
LOAD ./system/src/stm32f1-stdperiph/stm32f10x_rcc.o
LOAD ./system/src/newlib/_cxx.o
LOAD ./system/src/newlib/_exit.o
LOAD ./system/src/newlib/_sbrk.o
LOAD ./system/src/newlib/_startup.o
LOAD ./system/src/newlib/_syscalls.o
LOAD ./system/src/newlib/assert.o
LOAD ./system/src/diag/Trace.o
LOAD ./system/src/diag/trace_impl.o
LOAD ./system/src/cortexm/_initialize_hardware.o
LOAD ./system/src/cortexm/_reset_hardware.o
LOAD ./system/src/cortexm/exception_handlers.o
LOAD ./system/src/cmsis/system_stm32f10x.o
LOAD ./system/src/cmsis/vectors_stm32f10x.o
LOAD ./src/Delay.o
LOAD ./src/dDMA.o
LOAD ./src/dFLASH.o
LOAD ./src/dGPIO.o
LOAD ./src/dNVIC.o
LOAD ./src/dRCC.o
LOAD ./src/dUSART.o
LOAD ./src/hSwitch.o
LOAD ./src/hSwitch_Config.o
LOAD ./src/hUSART.o
LOAD ./src/main.o
LOAD e:/iti courses/introduction to embedded systems (assaf)/labprograms/sdk sources/imt_sdk_win_64/winarm/armgcc/bin/../lib/gcc/arm-none-eabi/7.2.1/../../../../arm-none-eabi/lib/thumb/v7-m\libstdc++_nano.a
LOAD e:/iti courses/introduction to embedded systems (assaf)/labprograms/sdk sources/imt_sdk_win_64/winarm/armgcc/bin/../lib/gcc/arm-none-eabi/7.2.1/../../../../arm-none-eabi/lib/thumb/v7-m\libm.a
START GROUP
LOAD e:/iti courses/introduction to embedded systems (assaf)/labprograms/sdk sources/imt_sdk_win_64/winarm/armgcc/bin/../lib/gcc/arm-none-eabi/7.2.1/thumb/v7-m\libgcc.a
LOAD e:/iti courses/introduction to embedded systems (assaf)/labprograms/sdk sources/imt_sdk_win_64/winarm/armgcc/bin/../lib/gcc/arm-none-eabi/7.2.1/../../../../arm-none-eabi/lib/thumb/v7-m\libg_nano.a
LOAD e:/iti courses/introduction to embedded systems (assaf)/labprograms/sdk sources/imt_sdk_win_64/winarm/armgcc/bin/../lib/gcc/arm-none-eabi/7.2.1/../../../../arm-none-eabi/lib/thumb/v7-m\libc_nano.a
END GROUP
START GROUP
LOAD e:/iti courses/introduction to embedded systems (assaf)/labprograms/sdk sources/imt_sdk_win_64/winarm/armgcc/bin/../lib/gcc/arm-none-eabi/7.2.1/thumb/v7-m\libgcc.a
LOAD e:/iti courses/introduction to embedded systems (assaf)/labprograms/sdk sources/imt_sdk_win_64/winarm/armgcc/bin/../lib/gcc/arm-none-eabi/7.2.1/../../../../arm-none-eabi/lib/thumb/v7-m\libc_nano.a
END GROUP
                0x20005000                __stack = (ORIGIN (RAM) + LENGTH (RAM))
                0x20005000                _estack = __stack
                0x00000400                __Main_Stack_Size = 0x400
                [!provide]                PROVIDE (_Main_Stack_Size, __Main_Stack_Size)
                0x20004c00                __Main_Stack_Limit = (__stack - __Main_Stack_Size)
                [!provide]                PROVIDE (_Main_Stack_Limit, __Main_Stack_Limit)
                0x00000100                _Minimum_Stack_Size = 0x100
                0x20000688                PROVIDE (_Heap_Begin, _end_noinit)
                0x20004c00                PROVIDE (_Heap_Limit, (__stack - __Main_Stack_Size))

.isr_vector     0x08000000      0x350
 FILL mask 0xff
                0x08000000                __vectors_start = ABSOLUTE (.)
                0x08000000                __vectors_start__ = ABSOLUTE (.)
 *(.isr_vector)
 .isr_vector    0x08000000      0x10c ./system/src/cmsis/vectors_stm32f10x.o
                0x08000000                __isr_vectors
 *(.cfmconfig)
 *(.after_vectors .after_vectors.*)
 .after_vectors
                0x0800010c      0x114 ./system/src/newlib/_startup.o
                0x0800010c                _start
 .after_vectors
                0x08000220      0x12c ./system/src/cortexm/exception_handlers.o
                0x08000220                Reset_Handler
                0x08000226                NMI_Handler
                0x0800022a                HardFault_Handler
                0x0800023e                HardFault_Handler_C
                0x0800029c                MemManage_Handler
                0x080002a0                BusFault_Handler
                0x080002b4                BusFault_Handler_C
                0x080002e8                UsageFault_Handler
                0x080002fc                UsageFault_Handler_C
                0x08000330                SVC_Handler
                0x08000334                DebugMon_Handler
                0x08000338                PendSV_Handler
                0x0800033c                SysTick_Handler
 .after_vectors
                0x0800034c        0x4 ./system/src/cmsis/vectors_stm32f10x.o
                0x0800034c                EXTI2_IRQHandler
                0x0800034c                TIM8_TRG_COM_IRQHandler
                0x0800034c                TIM8_CC_IRQHandler
                0x0800034c                TIM1_CC_IRQHandler
                0x0800034c                TIM6_IRQHandler
                0x0800034c                PVD_IRQHandler
                0x0800034c                SDIO_IRQHandler
                0x0800034c                CAN2_RX1_IRQHandler
                0x0800034c                EXTI3_IRQHandler
                0x0800034c                TIM8_TRG_COM_TIM14_IRQHandler
                0x0800034c                TIM1_UP_TIM10_IRQHandler
                0x0800034c                TIM8_UP_TIM13_IRQHandler
                0x0800034c                EXTI0_IRQHandler
                0x0800034c                I2C2_EV_IRQHandler
                0x0800034c                CAN1_RX0_IRQHandler
                0x0800034c                TIM1_UP_TIM16_IRQHandler
                0x0800034c                CAN2_SCE_IRQHandler
                0x0800034c                ADC1_2_IRQHandler
                0x0800034c                SPI1_IRQHandler
                0x0800034c                TAMPER_IRQHandler
                0x0800034c                TIM6_DAC_IRQHandler
                0x0800034c                TIM1_BRK_TIM9_IRQHandler
                0x0800034c                CAN2_RX0_IRQHandler
                0x0800034c                TIM8_UP_IRQHandler
                0x0800034c                DMA2_Channel2_IRQHandler
                0x0800034c                RTC_IRQHandler
                0x0800034c                CAN1_RX1_IRQHandler
                0x0800034c                UART5_IRQHandler
                0x0800034c                ADC3_IRQHandler
                0x0800034c                TIM4_IRQHandler
                0x0800034c                DMA2_Channel1_IRQHandler
                0x0800034c                I2C1_EV_IRQHandler
                0x0800034c                UART4_IRQHandler
                0x0800034c                DMA2_Channel4_IRQHandler
                0x0800034c                TIM3_IRQHandler
                0x0800034c                RCC_IRQHandler
                0x0800034c                TIM8_BRK_TIM12_IRQHandler
                0x0800034c                TIM1_TRG_COM_IRQHandler
                0x0800034c                Default_Handler
                0x0800034c                CEC_IRQHandler
                0x0800034c                EXTI15_10_IRQHandler
                0x0800034c                TIM14_IRQHandler
                0x0800034c                TIM13_IRQHandler
                0x0800034c                TIM12_IRQHandler
                0x0800034c                TIM7_IRQHandler
                0x0800034c                CAN2_TX_IRQHandler
                0x0800034c                TIM5_IRQHandler
                0x0800034c                EXTI9_5_IRQHandler
                0x0800034c                ETH_WKUP_IRQHandler
                0x0800034c                SPI2_IRQHandler
                0x0800034c                CAN1_TX_IRQHandler
                0x0800034c                DMA2_Channel5_IRQHandler
                0x0800034c                EXTI4_IRQHandler
                0x0800034c                USB_LP_CAN1_RX0_IRQHandler
                0x0800034c                TIM1_TRG_COM_TIM17_IRQHandler
                0x0800034c                USB_HP_CAN1_TX_IRQHandler
                0x0800034c                FSMC_IRQHandler
                0x0800034c                ETH_IRQHandler
                0x0800034c                TIM1_UP_IRQHandler
                0x0800034c                WWDG_IRQHandler
                0x0800034c                TIM2_IRQHandler
                0x0800034c                OTG_FS_WKUP_IRQHandler
                0x0800034c                TIM1_TRG_COM_TIM11_IRQHandler
                0x0800034c                TIM1_BRK_IRQHandler
                0x0800034c                EXTI1_IRQHandler
                0x0800034c                RTCAlarm_IRQHandler
                0x0800034c                DMA2_Channel4_5_IRQHandler
                0x0800034c                I2C2_ER_IRQHandler
                0x0800034c                TIM8_BRK_IRQHandler
                0x0800034c                CAN1_SCE_IRQHandler
                0x0800034c                FLASH_IRQHandler
                0x0800034c                OTG_FS_IRQHandler
                0x0800034c                SPI3_IRQHandler
                0x0800034c                I2C1_ER_IRQHandler
                0x0800034c                USBWakeUp_IRQHandler
                0x0800034c                DMA2_Channel3_IRQHandler
                0x0800034c                TIM1_BRK_TIM15_IRQHandler

.inits          0x08000350       0x28
                0x08000350                __data_regions_array_start = .
                0x08000350        0x4 LONG 0x80027f8 LOADADDR (.data)
                0x08000354        0x4 LONG 0x20000000 ADDR (.data)
                0x08000358        0x4 LONG 0x20000188 (ADDR (.data) + SIZEOF (.data))
                0x0800035c        0x4 LONG 0x80027f8 LOADADDR (.data_CCMRAM)
                0x08000360        0x4 LONG 0x0 ADDR (.data_CCMRAM)
                0x08000364        0x4 LONG 0x0 (ADDR (.data_CCMRAM) + SIZEOF (.data_CCMRAM))
                0x08000368                __data_regions_array_end = .
                0x08000368                __bss_regions_array_start = .
                0x08000368        0x4 LONG 0x20000188 ADDR (.bss)
                0x0800036c        0x4 LONG 0x20000688 (ADDR (.bss) + SIZEOF (.bss))
                0x08000370        0x4 LONG 0x0 ADDR (.bss_CCMRAM)
                0x08000374        0x4 LONG 0x0 (ADDR (.bss_CCMRAM) + SIZEOF (.bss_CCMRAM))
                0x08000378                __bss_regions_array_end = .
 *(.init)
 *(.fini)
                0x08000378                . = ALIGN (0x4)
                0x08000378                PROVIDE (__preinit_array_start, .)
 *(.preinit_array_sysinit .preinit_array_sysinit.*)
 *(.preinit_array_platform .preinit_array_platform.*)
 *(.preinit_array .preinit_array.*)
                0x08000378                PROVIDE (__preinit_array_end, .)
                0x08000378                . = ALIGN (0x4)
                0x08000378                PROVIDE (__init_array_start, .)
 *(SORT_BY_NAME(.init_array.*))
 *(.init_array)
                0x08000378                PROVIDE (__init_array_end, .)
                0x08000378                . = ALIGN (0x4)
                0x08000378                PROVIDE (__fini_array_start, .)
 *(SORT_BY_NAME(.fini_array.*))
 *(.fini_array)
                0x08000378                PROVIDE (__fini_array_end, .)

.flashtext
 *(.flashtext .flashtext.*)

.text           0x08000378     0x247f
 *(.text .text.*)
 .text._exit    0x08000378        0x2 ./system/src/newlib/_exit.o
                0x08000378                _exit
 *fill*         0x0800037a        0x2 
 .text._sbrk    0x0800037c       0x44 ./system/src/newlib/_sbrk.o
                0x0800037c                _sbrk
 .text.__initialize_args
                0x080003c0       0x10 ./system/src/newlib/_syscalls.o
                0x080003c0                __initialize_args
 .text.trace_printf
                0x080003d0       0x30 ./system/src/diag/Trace.o
                0x080003d0                trace_printf
 .text._trace_write_semihosting_debug
                0x08000400       0x60 ./system/src/diag/trace_impl.o
 .text.trace_write
                0x08000460        0x8 ./system/src/diag/trace_impl.o
                0x08000460                trace_write
 .text.__initialize_hardware_early
                0x08000468       0x18 ./system/src/cortexm/_initialize_hardware.o
                0x08000468                __initialize_hardware_early
 .text.__initialize_hardware
                0x08000480        0x8 ./system/src/cortexm/_initialize_hardware.o
                0x08000480                __initialize_hardware
 .text.dumpExceptionStack
                0x08000488       0xf4 ./system/src/cortexm/exception_handlers.o
                0x08000488                dumpExceptionStack
 .text.isSemihosting
                0x0800057c       0x20 ./system/src/cortexm/exception_handlers.o
                0x0800057c                isSemihosting
 .text.SetSysClockTo72
                0x0800059c       0xc4 ./system/src/cmsis/system_stm32f10x.o
 .text.SetSysClock
                0x08000660        0x8 ./system/src/cmsis/system_stm32f10x.o
 .text.SystemInit
                0x08000668       0x50 ./system/src/cmsis/system_stm32f10x.o
                0x08000668                SystemInit
 .text.SystemCoreClockUpdate
                0x080006b8       0x94 ./system/src/cmsis/system_stm32f10x.o
                0x080006b8                SystemCoreClockUpdate
 .text._delay_ms
                0x0800074c       0x34 ./src/Delay.o
                0x0800074c                _delay_ms
 .text.DMA1_Channel1_IRQHandler
                0x08000780       0x20 ./src/dDMA.o
                0x08000780                DMA1_Channel1_IRQHandler
 .text.DMA1_Channel2_IRQHandler
                0x080007a0       0x20 ./src/dDMA.o
                0x080007a0                DMA1_Channel2_IRQHandler
 .text.DMA1_Channel3_IRQHandler
                0x080007c0       0x20 ./src/dDMA.o
                0x080007c0                DMA1_Channel3_IRQHandler
 .text.DMA1_Channel4_IRQHandler
                0x080007e0       0x20 ./src/dDMA.o
                0x080007e0                DMA1_Channel4_IRQHandler
 .text.DMA1_Channel5_IRQHandler
                0x08000800       0x20 ./src/dDMA.o
                0x08000800                DMA1_Channel5_IRQHandler
 .text.DMA1_Channel6_IRQHandler
                0x08000820       0x20 ./src/dDMA.o
                0x08000820                DMA1_Channel6_IRQHandler
 .text.DMA1_Channel7_IRQHandler
                0x08000840       0x20 ./src/dDMA.o
                0x08000840                DMA1_Channel7_IRQHandler
 .text.dFLASH_writeWord
                0x08000860       0x4c ./src/dFLASH.o
                0x08000860                dFLASH_writeWord
 .text.dFLASH_programWrite
                0x080008ac       0x5c ./src/dFLASH.o
                0x080008ac                dFLASH_programWrite
 .text.dFLASH_erasePage
                0x08000908       0x38 ./src/dFLASH.o
                0x08000908                dFLASH_erasePage
 .text.dFLASH_unlock
                0x08000940       0x20 ./src/dFLASH.o
                0x08000940                dFLASH_unlock
 .text.GPIO_voidSetPinValue
                0x08000960        0xc ./src/dGPIO.o
                0x08000960                GPIO_voidSetPinValue
 .text.GPIO_u8GetPinValue
                0x0800096c        0xa ./src/dGPIO.o
                0x0800096c                GPIO_u8GetPinValue
 .text.GPIO_voidSetPinMode
                0x08000976       0x72 ./src/dGPIO.o
                0x08000976                GPIO_voidSetPinMode
 .text.NVIC_EnableIRQ
                0x080009e8       0x1a ./src/dNVIC.o
                0x080009e8                NVIC_EnableIRQ
 *fill*         0x08000a02        0x2 
 .text.NVIC_ClearPendingIRQ
                0x08000a04       0x18 ./src/dNVIC.o
                0x08000a04                NVIC_ClearPendingIRQ
 .text.RCC_GetAHB_PreScaler
                0x08000a1c       0x48 ./src/dRCC.o
 .text.RCC_GetPLL_PreScaler
                0x08000a64       0x18 ./src/dRCC.o
 .text.RCC_GetPLL_Freq
                0x08000a7c       0x28 ./src/dRCC.o
 .text.RCC_GetSystemClock
                0x08000aa4       0x10 ./src/dRCC.o
                0x08000aa4                RCC_GetSystemClock
 .text.RCC_GetSystemClockFreq
                0x08000ab4       0x24 ./src/dRCC.o
                0x08000ab4                RCC_GetSystemClockFreq
 .text.Rcc_GetBusPrescaler
                0x08000ad8       0x44 ./src/dRCC.o
                0x08000ad8                Rcc_GetBusPrescaler
 .text.RCC_SetPrephiralClockState
                0x08000b1c       0x68 ./src/dRCC.o
                0x08000b1c                RCC_SetPrephiralClockState
 *fill*         0x08000b84        0x4 
 .text.dUSART_Init
                0x08000b88       0xfc ./src/dUSART.o
                0x08000b88                dUSART_Init
 .text.dUSART_StructDefaultInit
                0x08000c84       0x1a ./src/dUSART.o
                0x08000c84                dUSART_StructDefaultInit
 .text.dUSART_SendByte
                0x08000c9e        0x4 ./src/dUSART.o
                0x08000c9e                dUSART_SendByte
 .text.dUSART_ReceiveByte
                0x08000ca2        0x6 ./src/dUSART.o
                0x08000ca2                dUSART_ReceiveByte
 .text.dUSART_GetFlagStatus
                0x08000ca8        0xe ./src/dUSART.o
                0x08000ca8                dUSART_GetFlagStatus
 .text.dUSART_ClearTCFlag
                0x08000cb6        0xe ./src/dUSART.o
                0x08000cb6                dUSART_ClearTCFlag
 .text.dUSART_ClearRXNEFlag
                0x08000cc4        0xe ./src/dUSART.o
                0x08000cc4                dUSART_ClearRXNEFlag
 .text.dUSART_ClearLBDFlag
                0x08000cd2        0xe ./src/dUSART.o
                0x08000cd2                dUSART_ClearLBDFlag
 .text.hSwitch_Init
                0x08000ce0       0x44 ./src/hSwitch.o
                0x08000ce0                hSwitch_Init
 .text.hSwitch_GetSwitchState
                0x08000d24       0x70 ./src/hSwitch.o
                0x08000d24                hSwitch_GetSwitchState
 .text.hUSART_Init
                0x08000d94       0x6c ./src/hUSART.o
                0x08000d94                hUSART_Init
 .text.hUSART_StructDefaultInit
                0x08000e00        0x8 ./src/hUSART.o
                0x08000e00                hUSART_StructDefaultInit
 .text.hUSART_SetTxCallBackFn
                0x08000e08       0x1c ./src/hUSART.o
                0x08000e08                hUSART_SetTxCallBackFn
 .text.hUSART_SetRxCallBackFn
                0x08000e24       0x1c ./src/hUSART.o
                0x08000e24                hUSART_SetRxCallBackFn
 .text.hUSART_Send
                0x08000e40       0x54 ./src/hUSART.o
                0x08000e40                hUSART_Send
 .text.hUSART_Receive
                0x08000e94       0x34 ./src/hUSART.o
                0x08000e94                hUSART_Receive
 .text.USART1_IRQHandler
                0x08000ec8       0xd4 ./src/hUSART.o
                0x08000ec8                USART1_IRQHandler
 .text.USART2_IRQHandler
                0x08000f9c       0xd4 ./src/hUSART.o
                0x08000f9c                USART2_IRQHandler
 .text.USART3_IRQHandler
                0x08001070      0x10c ./src/hUSART.o
                0x08001070                USART3_IRQHandler
 .text.USART_RX_handler
                0x0800117c       0x94 ./src/main.o
                0x0800117c                USART_RX_handler
 .text.USART_TX_handler
                0x08001210       0xc4 ./src/main.o
                0x08001210                USART_TX_handler
 .text.SetJumpPoint
                0x080012d4        0x4 ./src/main.o
                0x080012d4                SetJumpPoint
 .text.main     0x080012d8      0x19c ./src/main.o
                0x080012d8                main
 .text          0x08001474      0x378 e:/iti courses/introduction to embedded systems (assaf)/labprograms/sdk sources/imt_sdk_win_64/winarm/armgcc/bin/../lib/gcc/arm-none-eabi/7.2.1/thumb/v7-m\libgcc.a(_arm_addsubdf3.o)
                0x08001474                __aeabi_drsub
                0x0800147c                __aeabi_dsub
                0x0800147c                __subdf3
                0x08001480                __aeabi_dadd
                0x08001480                __adddf3
                0x080016f8                __floatunsidf
                0x080016f8                __aeabi_ui2d
                0x08001718                __floatsidf
                0x08001718                __aeabi_i2d
                0x0800173c                __aeabi_f2d
                0x0800173c                __extendsfdf2
                0x08001780                __floatundidf
                0x08001780                __aeabi_ul2d
                0x08001790                __floatdidf
                0x08001790                __aeabi_l2d
 .text          0x080017ec      0x110 e:/iti courses/introduction to embedded systems (assaf)/labprograms/sdk sources/imt_sdk_win_64/winarm/armgcc/bin/../lib/gcc/arm-none-eabi/7.2.1/thumb/v7-m\libgcc.a(_arm_cmpdf2.o)
                0x080017ec                __gtdf2
                0x080017ec                __gedf2
                0x080017f4                __ltdf2
                0x080017f4                __ledf2
                0x080017fc                __nedf2
                0x080017fc                __eqdf2
                0x080017fc                __cmpdf2
                0x08001878                __aeabi_cdrcmple
                0x08001888                __aeabi_cdcmpeq
                0x08001888                __aeabi_cdcmple
                0x08001898                __aeabi_dcmpeq
                0x080018ac                __aeabi_dcmplt
                0x080018c0                __aeabi_dcmple
                0x080018d4                __aeabi_dcmpge
                0x080018e8                __aeabi_dcmpgt
 .text          0x080018fc      0x21c e:/iti courses/introduction to embedded systems (assaf)/labprograms/sdk sources/imt_sdk_win_64/winarm/armgcc/bin/../lib/gcc/arm-none-eabi/7.2.1/thumb/v7-m\libgcc.a(_arm_addsubsf3.o)
                0x080018fc                __aeabi_frsub
                0x08001904                __subsf3
                0x08001904                __aeabi_fsub
                0x08001908                __aeabi_fadd
                0x08001908                __addsf3
                0x08001a68                __aeabi_ui2f
                0x08001a68                __floatunsisf
                0x08001a70                __aeabi_i2f
                0x08001a70                __floatsisf
                0x08001a8c                __aeabi_ul2f
                0x08001a8c                __floatundisf
                0x08001a9c                __aeabi_l2f
                0x08001a9c                __floatdisf
 .text          0x08001b18      0x2a0 e:/iti courses/introduction to embedded systems (assaf)/labprograms/sdk sources/imt_sdk_win_64/winarm/armgcc/bin/../lib/gcc/arm-none-eabi/7.2.1/thumb/v7-m\libgcc.a(_arm_muldivsf3.o)
                0x08001b18                __mulsf3
                0x08001b18                __aeabi_fmul
                0x08001c80                __aeabi_fdiv
                0x08001c80                __divsf3
 .text          0x08001db8       0x40 e:/iti courses/introduction to embedded systems (assaf)/labprograms/sdk sources/imt_sdk_win_64/winarm/armgcc/bin/../lib/gcc/arm-none-eabi/7.2.1/thumb/v7-m\libgcc.a(_arm_fixunssfsi.o)
                0x08001db8                __fixunssfsi
                0x08001db8                __aeabi_f2uiz
 .text.__errno  0x08001df8        0xc e:/iti courses/introduction to embedded systems (assaf)/labprograms/sdk sources/imt_sdk_win_64/winarm/armgcc/bin/../lib/gcc/arm-none-eabi/7.2.1/../../../../arm-none-eabi/lib/thumb/v7-m\libg_nano.a(lib_a-errno.o)
                0x08001df8                __errno
 .text._vsnprintf_r
                0x08001e04       0x58 e:/iti courses/introduction to embedded systems (assaf)/labprograms/sdk sources/imt_sdk_win_64/winarm/armgcc/bin/../lib/gcc/arm-none-eabi/7.2.1/../../../../arm-none-eabi/lib/thumb/v7-m\libg_nano.a(lib_a-vsnprintf.o)
                0x08001e04                _vsniprintf_r
                0x08001e04                _vsnprintf_r
 .text.vsnprintf
                0x08001e5c       0x1c e:/iti courses/introduction to embedded systems (assaf)/labprograms/sdk sources/imt_sdk_win_64/winarm/armgcc/bin/../lib/gcc/arm-none-eabi/7.2.1/../../../../arm-none-eabi/lib/thumb/v7-m\libg_nano.a(lib_a-vsnprintf.o)
                0x08001e5c                vsniprintf
                0x08001e5c                vsnprintf
 .text.__ssputs_r
                0x08001e78       0xb4 e:/iti courses/introduction to embedded systems (assaf)/labprograms/sdk sources/imt_sdk_win_64/winarm/armgcc/bin/../lib/gcc/arm-none-eabi/7.2.1/../../../../arm-none-eabi/lib/thumb/v7-m\libg_nano.a(lib_a-nano-svfprintf.o)
                0x08001e78                __ssputs_r
 .text._svfprintf_r
                0x08001f2c      0x1ec e:/iti courses/introduction to embedded systems (assaf)/labprograms/sdk sources/imt_sdk_win_64/winarm/armgcc/bin/../lib/gcc/arm-none-eabi/7.2.1/../../../../arm-none-eabi/lib/thumb/v7-m\libg_nano.a(lib_a-nano-svfprintf.o)
                0x08001f2c                _svfiprintf_r
                0x08001f2c                _svfprintf_r
 .text._printf_common
                0x08002118       0xec e:/iti courses/introduction to embedded systems (assaf)/labprograms/sdk sources/imt_sdk_win_64/winarm/armgcc/bin/../lib/gcc/arm-none-eabi/7.2.1/../../../../arm-none-eabi/lib/thumb/v7-m\libg_nano.a(lib_a-nano-vfprintf_i.o)
                0x08002118                _printf_common
 .text._printf_i
                0x08002204      0x224 e:/iti courses/introduction to embedded systems (assaf)/labprograms/sdk sources/imt_sdk_win_64/winarm/armgcc/bin/../lib/gcc/arm-none-eabi/7.2.1/../../../../arm-none-eabi/lib/thumb/v7-m\libg_nano.a(lib_a-nano-vfprintf_i.o)
                0x08002204                _printf_i
 .text.memchr   0x08002428       0x1c e:/iti courses/introduction to embedded systems (assaf)/labprograms/sdk sources/imt_sdk_win_64/winarm/armgcc/bin/../lib/gcc/arm-none-eabi/7.2.1/../../../../arm-none-eabi/lib/thumb/v7-m\libg_nano.a(lib_a-memchr-stub.o)
                0x08002428                memchr
 .text.memcpy   0x08002444       0x16 e:/iti courses/introduction to embedded systems (assaf)/labprograms/sdk sources/imt_sdk_win_64/winarm/armgcc/bin/../lib/gcc/arm-none-eabi/7.2.1/../../../../arm-none-eabi/lib/thumb/v7-m\libg_nano.a(lib_a-memcpy-stub.o)
                0x08002444                memcpy
 .text.memmove  0x0800245a       0x32 e:/iti courses/introduction to embedded systems (assaf)/labprograms/sdk sources/imt_sdk_win_64/winarm/armgcc/bin/../lib/gcc/arm-none-eabi/7.2.1/../../../../arm-none-eabi/lib/thumb/v7-m\libg_nano.a(lib_a-memmove.o)
                0x0800245a                memmove
 .text._free_r  0x0800248c       0x98 e:/iti courses/introduction to embedded systems (assaf)/labprograms/sdk sources/imt_sdk_win_64/winarm/armgcc/bin/../lib/gcc/arm-none-eabi/7.2.1/../../../../arm-none-eabi/lib/thumb/v7-m\libg_nano.a(lib_a-nano-freer.o)
                0x0800248c                _free_r
 .text._malloc_r
                0x08002524       0xb4 e:/iti courses/introduction to embedded systems (assaf)/labprograms/sdk sources/imt_sdk_win_64/winarm/armgcc/bin/../lib/gcc/arm-none-eabi/7.2.1/../../../../arm-none-eabi/lib/thumb/v7-m\libg_nano.a(lib_a-nano-mallocr.o)
                0x08002524                _malloc_r
 .text._realloc_r
                0x080025d8       0x4c e:/iti courses/introduction to embedded systems (assaf)/labprograms/sdk sources/imt_sdk_win_64/winarm/armgcc/bin/../lib/gcc/arm-none-eabi/7.2.1/../../../../arm-none-eabi/lib/thumb/v7-m\libg_nano.a(lib_a-nano-reallocr.o)
                0x080025d8                _realloc_r
 .text._sbrk_r  0x08002624       0x20 e:/iti courses/introduction to embedded systems (assaf)/labprograms/sdk sources/imt_sdk_win_64/winarm/armgcc/bin/../lib/gcc/arm-none-eabi/7.2.1/../../../../arm-none-eabi/lib/thumb/v7-m\libg_nano.a(lib_a-sbrkr.o)
                0x08002624                _sbrk_r
 .text.__malloc_lock
                0x08002644        0x2 e:/iti courses/introduction to embedded systems (assaf)/labprograms/sdk sources/imt_sdk_win_64/winarm/armgcc/bin/../lib/gcc/arm-none-eabi/7.2.1/../../../../arm-none-eabi/lib/thumb/v7-m\libg_nano.a(lib_a-mlock.o)
                0x08002644                __malloc_lock
 .text.__malloc_unlock
                0x08002646        0x2 e:/iti courses/introduction to embedded systems (assaf)/labprograms/sdk sources/imt_sdk_win_64/winarm/armgcc/bin/../lib/gcc/arm-none-eabi/7.2.1/../../../../arm-none-eabi/lib/thumb/v7-m\libg_nano.a(lib_a-mlock.o)
                0x08002646                __malloc_unlock
 .text._malloc_usable_size_r
                0x08002648       0x10 e:/iti courses/introduction to embedded systems (assaf)/labprograms/sdk sources/imt_sdk_win_64/winarm/armgcc/bin/../lib/gcc/arm-none-eabi/7.2.1/../../../../arm-none-eabi/lib/thumb/v7-m\libg_nano.a(lib_a-nano-msizer.o)
                0x08002648                _malloc_usable_size_r
 *(.rodata .rodata.* .constdata .constdata.*)
 .rodata.dumpExceptionStack.str1.4
                0x08002658      0x11a ./system/src/cortexm/exception_handlers.o
 *fill*         0x08002772        0x2 
 .rodata.str1.4
                0x08002774       0x2c ./system/src/cortexm/exception_handlers.o
                                 0x2a (size before relaxing)
 .rodata.Switches
                0x080027a0        0x8 ./src/hSwitch_Config.o
                0x080027a0                Switches
 .rodata.map    0x080027a8        0xc ./src/hSwitch_Config.o
                0x080027a8                map
 .rodata        0x080027b4       0x10 ./src/main.o
 .rodata._svfprintf_r.str1.1
                0x080027c4       0x11 e:/iti courses/introduction to embedded systems (assaf)/labprograms/sdk sources/imt_sdk_win_64/winarm/armgcc/bin/../lib/gcc/arm-none-eabi/7.2.1/../../../../arm-none-eabi/lib/thumb/v7-m\libg_nano.a(lib_a-nano-svfprintf.o)
 .rodata._printf_i.str1.1
                0x080027d5       0x22 e:/iti courses/introduction to embedded systems (assaf)/labprograms/sdk sources/imt_sdk_win_64/winarm/armgcc/bin/../lib/gcc/arm-none-eabi/7.2.1/../../../../arm-none-eabi/lib/thumb/v7-m\libg_nano.a(lib_a-nano-vfprintf_i.o)
 *(vtable)
 *(.eh_frame*)
 *(.glue_7)
 .glue_7        0x080027f7        0x0 linker stubs
 *(.glue_7t)
 .glue_7t       0x080027f7        0x0 linker stubs

.vfp11_veneer   0x080027f8        0x0
 .vfp11_veneer  0x080027f8        0x0 linker stubs

.v4_bx          0x080027f8        0x0
 .v4_bx         0x080027f8        0x0 linker stubs

.iplt           0x080027f8        0x0
 .iplt          0x080027f8        0x0 ./system/src/newlib/_exit.o

.rel.dyn        0x080027f8        0x0
 .rel.iplt      0x080027f8        0x0 ./system/src/newlib/_exit.o

.ARM.extab
 *(.ARM.extab* .gnu.linkonce.armextab.*)
                0x080027f8                . = ALIGN (0x4)
                0x080027f8                __exidx_start = .

.ARM.exidx
 *(.ARM.exidx* .gnu.linkonce.armexidx.*)
                0x080027f8                __exidx_end = .
                0x080027f8                . = ALIGN (0x4)
                0x080027f8                _etext = .
                0x080027f8                __etext = .

.data_CCMRAM    0x00000000        0x0 load address 0x080027f8
 FILL mask 0xff
 *(.data.CCMRAM .data.CCMRAM.*)
                0x00000000                . = ALIGN (0x4)
                0x080027f8                _sidata = LOADADDR (.data)

.data           0x20000000      0x188 load address 0x080027f8
 FILL mask 0xff
                0x20000000                _sdata = .
                0x20000000                __data_start__ = .
 *(.data_begin .data_begin.*)
 .data_begin    0x20000000        0x4 ./system/src/newlib/_startup.o
 *(.data .data.*)
 .data.argv.4310
                0x20000004        0x8 ./system/src/newlib/_syscalls.o
 .data.AHBPrescTable
                0x2000000c       0x10 ./system/src/cmsis/system_stm32f10x.o
                0x2000000c                AHBPrescTable
 .data.SystemCoreClock
                0x2000001c        0x4 ./system/src/cmsis/system_stm32f10x.o
                0x2000001c                SystemCoreClock
 .data.GPIO_UART1_Rx
                0x20000020        0x8 ./src/hUSART.o
                0x20000020                GPIO_UART1_Rx
 .data.GPIO_UART1_Tx
                0x20000028        0x8 ./src/hUSART.o
                0x20000028                GPIO_UART1_Tx
 .data.GPIO_UART2_Rx
                0x20000030        0x8 ./src/hUSART.o
                0x20000030                GPIO_UART2_Rx
 .data.GPIO_UART2_Tx
                0x20000038        0x8 ./src/hUSART.o
                0x20000038                GPIO_UART2_Tx
 .data.GPIO_UART3_Rx
                0x20000040        0x8 ./src/hUSART.o
                0x20000040                GPIO_UART3_Rx
 .data.GPIO_UART3_Tx
                0x20000048        0x8 ./src/hUSART.o
                0x20000048                GPIO_UART3_Tx
 .data.USARTs   0x20000050       0xcc ./src/hUSART.o
                0x20000050                USARTs
 .data.FirstTimeFlag
                0x2000011c        0x1 ./src/main.o
                0x2000011c                FirstTimeFlag
 .data.Status   0x2000011d        0x1 ./src/main.o
                0x2000011d                Status
 *fill*         0x2000011e        0x2 ff
 .data._impure_ptr
                0x20000120        0x4 e:/iti courses/introduction to embedded systems (assaf)/labprograms/sdk sources/imt_sdk_win_64/winarm/armgcc/bin/../lib/gcc/arm-none-eabi/7.2.1/../../../../arm-none-eabi/lib/thumb/v7-m\libg_nano.a(lib_a-impure.o)
                0x20000120                _impure_ptr
 .data.impure_data
                0x20000124       0x60 e:/iti courses/introduction to embedded systems (assaf)/labprograms/sdk sources/imt_sdk_win_64/winarm/armgcc/bin/../lib/gcc/arm-none-eabi/7.2.1/../../../../arm-none-eabi/lib/thumb/v7-m\libg_nano.a(lib_a-impure.o)
 *(.data_end .data_end.*)
 .data_end      0x20000184        0x4 ./system/src/newlib/_startup.o
                0x20000188                . = ALIGN (0x4)
                0x20000188                _edata = .
                0x20000188                __data_end__ = .

.igot.plt       0x20000188        0x0 load address 0x08002980
 .igot.plt      0x20000188        0x0 ./system/src/newlib/_exit.o

.bss_CCMRAM     0x00000000        0x0
 *(.bss.CCMRAM .bss.CCMRAM.*)

.bss            0x20000188      0x500
                0x20000188                __bss_start__ = .
                0x20000188                _sbss = .
 *(.bss_begin .bss_begin.*)
 .bss_begin     0x20000188        0x4 ./system/src/newlib/_startup.o
 *(.bss .bss.*)
 .bss.current_heap_end.3961
                0x2000018c        0x4 ./system/src/newlib/_sbrk.o
 .bss.name.4309
                0x20000190        0x1 ./system/src/newlib/_syscalls.o
 *fill*         0x20000191        0x3 
 .bss.buf.5205  0x20000194       0x80 ./system/src/diag/Trace.o
 .bss.DMA_CallBacks
                0x20000214       0x1c ./src/dDMA.o
 .bss.FrameReceived
                0x20000230        0x1 ./src/main.o
                0x20000230                FrameReceived
 .bss.ReceivingData
                0x20000231        0x1 ./src/main.o
                0x20000231                ReceivingData
 .bss.SectorAckTransmitted
                0x20000232        0x1 ./src/main.o
                0x20000232                SectorAckTransmitted
 *fill*         0x20000233        0x1 
 .bss.SectorCounter
                0x20000234        0x2 ./src/main.o
                0x20000234                SectorCounter
 *fill*         0x20000236        0x2 
 .bss.__malloc_free_list
                0x20000238        0x4 e:/iti courses/introduction to embedded systems (assaf)/labprograms/sdk sources/imt_sdk_win_64/winarm/armgcc/bin/../lib/gcc/arm-none-eabi/7.2.1/../../../../arm-none-eabi/lib/thumb/v7-m\libg_nano.a(lib_a-nano-mallocr.o)
                0x20000238                __malloc_free_list
 .bss.__malloc_sbrk_start
                0x2000023c        0x4 e:/iti courses/introduction to embedded systems (assaf)/labprograms/sdk sources/imt_sdk_win_64/winarm/armgcc/bin/../lib/gcc/arm-none-eabi/7.2.1/../../../../arm-none-eabi/lib/thumb/v7-m\libg_nano.a(lib_a-nano-mallocr.o)
                0x2000023c                __malloc_sbrk_start
 *(COMMON)
 COMMON         0x20000240        0x4 ./system/src/newlib/_syscalls.o
                0x20000240                errno
 COMMON         0x20000244        0x4 ./src/hSwitch.o
                0x20000244                SwitchesStates
 COMMON         0x20000248      0x43c ./src/main.o
                0x20000248                RxSectorBuffer
                0x20000648                FlashNewAppCmd
                0x2000065c                USART_InitStruct
                0x20000670                FlashNewAppFrame
 *(.bss_end .bss_end.*)
 .bss_end       0x20000684        0x4 ./system/src/newlib/_startup.o
                0x20000688                . = ALIGN (0x4)
                0x20000688                __bss_end__ = .
                0x20000688                _ebss = .

.noinit_CCMRAM
 *(.noinit.CCMRAM .noinit.CCMRAM.*)

.noinit         0x20000688        0x0
                0x20000688                _noinit = .
 *(.noinit .noinit.*)
                0x20000688                . = ALIGN (0x4)
                0x20000688                _end_noinit = .
                [!provide]                PROVIDE (end, _end_noinit)
                [!provide]                PROVIDE (_end, _end_noinit)
                [!provide]                PROVIDE (__end, _end_noinit)
                [!provide]                PROVIDE (__end__, _end_noinit)

._check_stack   0x20000688      0x100
                0x20000788                . = (. + _Minimum_Stack_Size)
 *fill*         0x20000688      0x100 

.b1text
 *(.b1text)
 *(.b1rodata)
 *(.b1rodata.*)

.eb0text
 *(.eb0text)
 *(.eb0rodata)
 *(.eb0rodata.*)

.eb1text
 *(.eb1text)
 *(.eb1rodata)
 *(.eb1rodata.*)

.eb2text
 *(.eb2text)
 *(.eb2rodata)
 *(.eb2rodata.*)

.eb3text
 *(.eb3text)
 *(.eb3rodata)
 *(.eb3rodata.*)

.stab
 *(.stab)

.stabstr
 *(.stabstr)

.stab.excl
 *(.stab.excl)

.stab.exclstr
 *(.stab.exclstr)

.stab.index
 *(.stab.index)

.stab.indexstr
 *(.stab.indexstr)

.comment        0x00000000       0x7e
 *(.comment)
 .comment       0x00000000       0x7e ./system/src/newlib/_exit.o
                                 0x7f (size before relaxing)
 .comment       0x0000007e       0x7f ./system/src/newlib/_sbrk.o
 .comment       0x0000007e       0x7f ./system/src/newlib/_startup.o
 .comment       0x0000007e       0x7f ./system/src/newlib/_syscalls.o
 .comment       0x0000007e       0x7f ./system/src/diag/Trace.o
 .comment       0x0000007e       0x7f ./system/src/diag/trace_impl.o
 .comment       0x0000007e       0x7f ./system/src/cortexm/_initialize_hardware.o
 .comment       0x0000007e       0x7f ./system/src/cortexm/exception_handlers.o
 .comment       0x0000007e       0x7f ./system/src/cmsis/system_stm32f10x.o
 .comment       0x0000007e       0x7f ./system/src/cmsis/vectors_stm32f10x.o
 .comment       0x0000007e       0x7f ./src/Delay.o
 .comment       0x0000007e       0x7f ./src/dDMA.o
 .comment       0x0000007e       0x7f ./src/dFLASH.o
 .comment       0x0000007e       0x7f ./src/dGPIO.o
 .comment       0x0000007e       0x7f ./src/dNVIC.o
 .comment       0x0000007e       0x7f ./src/dRCC.o
 .comment       0x0000007e       0x7f ./src/dUSART.o
 .comment       0x0000007e       0x7f ./src/hSwitch.o
 .comment       0x0000007e       0x7f ./src/hSwitch_Config.o
 .comment       0x0000007e       0x7f ./src/hUSART.o
 .comment       0x0000007e       0x7f ./src/main.o

.ARM.attributes
                0x00000000       0x31
 .ARM.attributes
                0x00000000       0x33 ./system/src/newlib/_exit.o
 .ARM.attributes
                0x00000033       0x33 ./system/src/newlib/_sbrk.o
 .ARM.attributes
                0x00000066       0x33 ./system/src/newlib/_startup.o
 .ARM.attributes
                0x00000099       0x33 ./system/src/newlib/_syscalls.o
 .ARM.attributes
                0x000000cc       0x33 ./system/src/diag/Trace.o
 .ARM.attributes
                0x000000ff       0x33 ./system/src/diag/trace_impl.o
 .ARM.attributes
                0x00000132       0x33 ./system/src/cortexm/_initialize_hardware.o
 .ARM.attributes
                0x00000165       0x33 ./system/src/cortexm/exception_handlers.o
 .ARM.attributes
                0x00000198       0x33 ./system/src/cmsis/system_stm32f10x.o
 .ARM.attributes
                0x000001cb       0x33 ./system/src/cmsis/vectors_stm32f10x.o
 .ARM.attributes
                0x000001fe       0x33 ./src/Delay.o
 .ARM.attributes
                0x00000231       0x33 ./src/dDMA.o
 .ARM.attributes
                0x00000264       0x33 ./src/dFLASH.o
 .ARM.attributes
                0x00000297       0x33 ./src/dGPIO.o
 .ARM.attributes
                0x000002ca       0x33 ./src/dNVIC.o
 .ARM.attributes
                0x000002fd       0x33 ./src/dRCC.o
 .ARM.attributes
                0x00000330       0x33 ./src/dUSART.o
 .ARM.attributes
                0x00000363       0x33 ./src/hSwitch.o
 .ARM.attributes
                0x00000396       0x33 ./src/hSwitch_Config.o
 .ARM.attributes
                0x000003c9       0x33 ./src/hUSART.o
 .ARM.attributes
                0x000003fc       0x33 ./src/main.o
 .ARM.attributes
                0x0000042f       0x1d e:/iti courses/introduction to embedded systems (assaf)/labprograms/sdk sources/imt_sdk_win_64/winarm/armgcc/bin/../lib/gcc/arm-none-eabi/7.2.1/thumb/v7-m\libgcc.a(_arm_addsubdf3.o)
 .ARM.attributes
                0x0000044c       0x1d e:/iti courses/introduction to embedded systems (assaf)/labprograms/sdk sources/imt_sdk_win_64/winarm/armgcc/bin/../lib/gcc/arm-none-eabi/7.2.1/thumb/v7-m\libgcc.a(_arm_cmpdf2.o)
 .ARM.attributes
                0x00000469       0x1d e:/iti courses/introduction to embedded systems (assaf)/labprograms/sdk sources/imt_sdk_win_64/winarm/armgcc/bin/../lib/gcc/arm-none-eabi/7.2.1/thumb/v7-m\libgcc.a(_arm_addsubsf3.o)
 .ARM.attributes
                0x00000486       0x1d e:/iti courses/introduction to embedded systems (assaf)/labprograms/sdk sources/imt_sdk_win_64/winarm/armgcc/bin/../lib/gcc/arm-none-eabi/7.2.1/thumb/v7-m\libgcc.a(_arm_muldivsf3.o)
 .ARM.attributes
                0x000004a3       0x1d e:/iti courses/introduction to embedded systems (assaf)/labprograms/sdk sources/imt_sdk_win_64/winarm/armgcc/bin/../lib/gcc/arm-none-eabi/7.2.1/thumb/v7-m\libgcc.a(_arm_fixunssfsi.o)
 .ARM.attributes
                0x000004c0       0x2d e:/iti courses/introduction to embedded systems (assaf)/labprograms/sdk sources/imt_sdk_win_64/winarm/armgcc/bin/../lib/gcc/arm-none-eabi/7.2.1/../../../../arm-none-eabi/lib/thumb/v7-m\libg_nano.a(lib_a-errno.o)
 .ARM.attributes
                0x000004ed       0x2d e:/iti courses/introduction to embedded systems (assaf)/labprograms/sdk sources/imt_sdk_win_64/winarm/armgcc/bin/../lib/gcc/arm-none-eabi/7.2.1/../../../../arm-none-eabi/lib/thumb/v7-m\libg_nano.a(lib_a-impure.o)
 .ARM.attributes
                0x0000051a       0x2d e:/iti courses/introduction to embedded systems (assaf)/labprograms/sdk sources/imt_sdk_win_64/winarm/armgcc/bin/../lib/gcc/arm-none-eabi/7.2.1/../../../../arm-none-eabi/lib/thumb/v7-m\libg_nano.a(lib_a-vsnprintf.o)
 .ARM.attributes
                0x00000547       0x2d e:/iti courses/introduction to embedded systems (assaf)/labprograms/sdk sources/imt_sdk_win_64/winarm/armgcc/bin/../lib/gcc/arm-none-eabi/7.2.1/../../../../arm-none-eabi/lib/thumb/v7-m\libg_nano.a(lib_a-nano-svfprintf.o)
 .ARM.attributes
                0x00000574       0x2d e:/iti courses/introduction to embedded systems (assaf)/labprograms/sdk sources/imt_sdk_win_64/winarm/armgcc/bin/../lib/gcc/arm-none-eabi/7.2.1/../../../../arm-none-eabi/lib/thumb/v7-m\libg_nano.a(lib_a-nano-vfprintf_i.o)
 .ARM.attributes
                0x000005a1       0x2d e:/iti courses/introduction to embedded systems (assaf)/labprograms/sdk sources/imt_sdk_win_64/winarm/armgcc/bin/../lib/gcc/arm-none-eabi/7.2.1/../../../../arm-none-eabi/lib/thumb/v7-m\libg_nano.a(lib_a-memchr-stub.o)
 .ARM.attributes
                0x000005ce       0x2d e:/iti courses/introduction to embedded systems (assaf)/labprograms/sdk sources/imt_sdk_win_64/winarm/armgcc/bin/../lib/gcc/arm-none-eabi/7.2.1/../../../../arm-none-eabi/lib/thumb/v7-m\libg_nano.a(lib_a-memcpy-stub.o)
 .ARM.attributes
                0x000005fb       0x2d e:/iti courses/introduction to embedded systems (assaf)/labprograms/sdk sources/imt_sdk_win_64/winarm/armgcc/bin/../lib/gcc/arm-none-eabi/7.2.1/../../../../arm-none-eabi/lib/thumb/v7-m\libg_nano.a(lib_a-memmove.o)
 .ARM.attributes
                0x00000628       0x2d e:/iti courses/introduction to embedded systems (assaf)/labprograms/sdk sources/imt_sdk_win_64/winarm/armgcc/bin/../lib/gcc/arm-none-eabi/7.2.1/../../../../arm-none-eabi/lib/thumb/v7-m\libg_nano.a(lib_a-nano-freer.o)
 .ARM.attributes
                0x00000655       0x2d e:/iti courses/introduction to embedded systems (assaf)/labprograms/sdk sources/imt_sdk_win_64/winarm/armgcc/bin/../lib/gcc/arm-none-eabi/7.2.1/../../../../arm-none-eabi/lib/thumb/v7-m\libg_nano.a(lib_a-nano-mallocr.o)
 .ARM.attributes
                0x00000682       0x2d e:/iti courses/introduction to embedded systems (assaf)/labprograms/sdk sources/imt_sdk_win_64/winarm/armgcc/bin/../lib/gcc/arm-none-eabi/7.2.1/../../../../arm-none-eabi/lib/thumb/v7-m\libg_nano.a(lib_a-nano-reallocr.o)
 .ARM.attributes
                0x000006af       0x2d e:/iti courses/introduction to embedded systems (assaf)/labprograms/sdk sources/imt_sdk_win_64/winarm/armgcc/bin/../lib/gcc/arm-none-eabi/7.2.1/../../../../arm-none-eabi/lib/thumb/v7-m\libg_nano.a(lib_a-sbrkr.o)
 .ARM.attributes
                0x000006dc       0x2d e:/iti courses/introduction to embedded systems (assaf)/labprograms/sdk sources/imt_sdk_win_64/winarm/armgcc/bin/../lib/gcc/arm-none-eabi/7.2.1/../../../../arm-none-eabi/lib/thumb/v7-m\libg_nano.a(lib_a-mlock.o)
 .ARM.attributes
                0x00000709       0x2d e:/iti courses/introduction to embedded systems (assaf)/labprograms/sdk sources/imt_sdk_win_64/winarm/armgcc/bin/../lib/gcc/arm-none-eabi/7.2.1/../../../../arm-none-eabi/lib/thumb/v7-m\libg_nano.a(lib_a-nano-msizer.o)

.debug
 *(.debug)

.line
 *(.line)

.debug_srcinfo
 *(.debug_srcinfo)

.debug_sfnames
 *(.debug_sfnames)

.debug_aranges  0x00000000      0x5a0
 *(.debug_aranges)
 .debug_aranges
                0x00000000       0x28 ./system/src/newlib/_exit.o
 .debug_aranges
                0x00000028       0x20 ./system/src/newlib/_sbrk.o
 .debug_aranges
                0x00000048       0x40 ./system/src/newlib/_startup.o
 .debug_aranges
                0x00000088       0x30 ./system/src/newlib/_syscalls.o
 .debug_aranges
                0x000000b8       0x38 ./system/src/diag/Trace.o
 .debug_aranges
                0x000000f0       0x30 ./system/src/diag/trace_impl.o
 .debug_aranges
                0x00000120       0x28 ./system/src/cortexm/_initialize_hardware.o
 .debug_aranges
                0x00000148       0x90 ./system/src/cortexm/exception_handlers.o
 .debug_aranges
                0x000001d8       0x38 ./system/src/cmsis/system_stm32f10x.o
 .debug_aranges
                0x00000210       0x20 ./system/src/cmsis/vectors_stm32f10x.o
 .debug_aranges
                0x00000230       0x20 ./src/Delay.o
 .debug_aranges
                0x00000250       0x78 ./src/dDMA.o
 .debug_aranges
                0x000002c8       0x48 ./src/dFLASH.o
 .debug_aranges
                0x00000310       0x30 ./src/dGPIO.o
 .debug_aranges
                0x00000340       0x90 ./src/dNVIC.o
 .debug_aranges
                0x000003d0       0x78 ./src/dRCC.o
 .debug_aranges
                0x00000448       0x60 ./src/dUSART.o
 .debug_aranges
                0x000004a8       0x28 ./src/hSwitch.o
 .debug_aranges
                0x000004d0       0x18 ./src/hSwitch_Config.o
 .debug_aranges
                0x000004e8       0x80 ./src/hUSART.o
 .debug_aranges
                0x00000568       0x38 ./src/main.o

.debug_pubnames
 *(.debug_pubnames)

.debug_info     0x00000000     0x7069
 *(.debug_info .gnu.linkonce.wi.*)
 .debug_info    0x00000000      0x956 ./system/src/newlib/_exit.o
 .debug_info    0x00000956      0x942 ./system/src/newlib/_sbrk.o
 .debug_info    0x00001298      0x42e ./system/src/newlib/_startup.o
 .debug_info    0x000016c6      0xa19 ./system/src/newlib/_syscalls.o
 .debug_info    0x000020df      0xb2a ./system/src/diag/Trace.o
 .debug_info    0x00002c09      0x363 ./system/src/diag/trace_impl.o
 .debug_info    0x00002f6c      0x2b5 ./system/src/cortexm/_initialize_hardware.o
 .debug_info    0x00003221     0x1140 ./system/src/cortexm/exception_handlers.o
 .debug_info    0x00004361      0x494 ./system/src/cmsis/system_stm32f10x.o
 .debug_info    0x000047f5       0xca ./system/src/cmsis/vectors_stm32f10x.o
 .debug_info    0x000048bf       0x70 ./src/Delay.o
 .debug_info    0x0000492f      0x3b6 ./src/dDMA.o
 .debug_info    0x00004ce5      0x193 ./src/dFLASH.o
 .debug_info    0x00004e78      0x19f ./src/dGPIO.o
 .debug_info    0x00005017      0x2b6 ./src/dNVIC.o
 .debug_info    0x000052cd      0x3a9 ./src/dRCC.o
 .debug_info    0x00005676      0x3df ./src/dUSART.o
 .debug_info    0x00005a55      0x2af ./src/hSwitch.o
 .debug_info    0x00005d04      0x17e ./src/hSwitch_Config.o
 .debug_info    0x00005e82      0xa94 ./src/hUSART.o
 .debug_info    0x00006916      0x753 ./src/main.o

.debug_abbrev   0x00000000     0x1d57
 *(.debug_abbrev)
 .debug_abbrev  0x00000000      0x1f3 ./system/src/newlib/_exit.o
 .debug_abbrev  0x000001f3      0x1fc ./system/src/newlib/_sbrk.o
 .debug_abbrev  0x000003ef      0x1b3 ./system/src/newlib/_startup.o
 .debug_abbrev  0x000005a2      0x234 ./system/src/newlib/_syscalls.o
 .debug_abbrev  0x000007d6      0x276 ./system/src/diag/Trace.o
 .debug_abbrev  0x00000a4c      0x1e2 ./system/src/diag/trace_impl.o
 .debug_abbrev  0x00000c2e       0xea ./system/src/cortexm/_initialize_hardware.o
 .debug_abbrev  0x00000d18      0x32b ./system/src/cortexm/exception_handlers.o
 .debug_abbrev  0x00001043      0x177 ./system/src/cmsis/system_stm32f10x.o
 .debug_abbrev  0x000011ba       0x9d ./system/src/cmsis/vectors_stm32f10x.o
 .debug_abbrev  0x00001257       0x69 ./src/Delay.o
 .debug_abbrev  0x000012c0      0x126 ./src/dDMA.o
 .debug_abbrev  0x000013e6       0xe1 ./src/dFLASH.o
 .debug_abbrev  0x000014c7       0xf4 ./src/dGPIO.o
 .debug_abbrev  0x000015bb       0xb8 ./src/dNVIC.o
 .debug_abbrev  0x00001673      0x109 ./src/dRCC.o
 .debug_abbrev  0x0000177c      0x119 ./src/dUSART.o
 .debug_abbrev  0x00001895      0x14a ./src/hSwitch.o
 .debug_abbrev  0x000019df       0x9a ./src/hSwitch_Config.o
 .debug_abbrev  0x00001a79      0x1bd ./src/hUSART.o
 .debug_abbrev  0x00001c36      0x121 ./src/main.o

.debug_line     0x00000000     0x3aa2
 *(.debug_line)
 .debug_line    0x00000000      0x42b ./system/src/newlib/_exit.o
 .debug_line    0x0000042b      0x3df ./system/src/newlib/_sbrk.o
 .debug_line    0x0000080a      0x499 ./system/src/newlib/_startup.o
 .debug_line    0x00000ca3      0x52c ./system/src/newlib/_syscalls.o
 .debug_line    0x000011cf      0x4a7 ./system/src/diag/Trace.o
 .debug_line    0x00001676      0x714 ./system/src/diag/trace_impl.o
 .debug_line    0x00001d8a      0x3ab ./system/src/cortexm/_initialize_hardware.o
 .debug_line    0x00002135      0x7d6 ./system/src/cortexm/exception_handlers.o
 .debug_line    0x0000290b      0x41e ./system/src/cmsis/system_stm32f10x.o
 .debug_line    0x00002d29      0x137 ./system/src/cmsis/vectors_stm32f10x.o
 .debug_line    0x00002e60       0x77 ./src/Delay.o
 .debug_line    0x00002ed7      0x168 ./src/dDMA.o
 .debug_line    0x0000303f      0x11c ./src/dFLASH.o
 .debug_line    0x0000315b       0xa8 ./src/dGPIO.o
 .debug_line    0x00003203      0x16e ./src/dNVIC.o
 .debug_line    0x00003371      0x17c ./src/dRCC.o
 .debug_line    0x000034ed      0x11c ./src/dUSART.o
 .debug_line    0x00003609       0xa5 ./src/hSwitch.o
 .debug_line    0x000036ae       0x6a ./src/hSwitch_Config.o
 .debug_line    0x00003718      0x23b ./src/hUSART.o
 .debug_line    0x00003953      0x14f ./src/main.o

.debug_frame    0x00000000     0x1080
 *(.debug_frame)
 .debug_frame   0x00000000       0x38 ./system/src/newlib/_exit.o
 .debug_frame   0x00000038       0x28 ./system/src/newlib/_sbrk.o
 .debug_frame   0x00000060       0x7c ./system/src/newlib/_startup.o
 .debug_frame   0x000000dc       0x50 ./system/src/newlib/_syscalls.o
 .debug_frame   0x0000012c       0x94 ./system/src/diag/Trace.o
 .debug_frame   0x000001c0       0x64 ./system/src/diag/trace_impl.o
 .debug_frame   0x00000224       0x40 ./system/src/cortexm/_initialize_hardware.o
 .debug_frame   0x00000264      0x158 ./system/src/cortexm/exception_handlers.o
 .debug_frame   0x000003bc       0x6c ./system/src/cmsis/system_stm32f10x.o
 .debug_frame   0x00000428       0x20 ./system/src/cmsis/vectors_stm32f10x.o
 .debug_frame   0x00000448       0x28 ./src/Delay.o
 .debug_frame   0x00000470      0x134 ./src/dDMA.o
 .debug_frame   0x000005a4       0x7c ./src/dFLASH.o
 .debug_frame   0x00000620       0x50 ./src/dGPIO.o
 .debug_frame   0x00000670      0x10c ./src/dNVIC.o
 .debug_frame   0x0000077c       0xe0 ./src/dRCC.o
 .debug_frame   0x0000085c       0xb0 ./src/dUSART.o
 .debug_frame   0x0000090c       0x48 ./src/hSwitch.o
 .debug_frame   0x00000954      0x194 ./src/hUSART.o
 .debug_frame   0x00000ae8       0x90 ./src/main.o
 .debug_frame   0x00000b78       0xac e:/iti courses/introduction to embedded systems (assaf)/labprograms/sdk sources/imt_sdk_win_64/winarm/armgcc/bin/../lib/gcc/arm-none-eabi/7.2.1/thumb/v7-m\libgcc.a(_arm_addsubdf3.o)
 .debug_frame   0x00000c24       0xc4 e:/iti courses/introduction to embedded systems (assaf)/labprograms/sdk sources/imt_sdk_win_64/winarm/armgcc/bin/../lib/gcc/arm-none-eabi/7.2.1/thumb/v7-m\libgcc.a(_arm_cmpdf2.o)
 .debug_frame   0x00000ce8       0x4c e:/iti courses/introduction to embedded systems (assaf)/labprograms/sdk sources/imt_sdk_win_64/winarm/armgcc/bin/../lib/gcc/arm-none-eabi/7.2.1/thumb/v7-m\libgcc.a(_arm_addsubsf3.o)
 .debug_frame   0x00000d34       0x38 e:/iti courses/introduction to embedded systems (assaf)/labprograms/sdk sources/imt_sdk_win_64/winarm/armgcc/bin/../lib/gcc/arm-none-eabi/7.2.1/thumb/v7-m\libgcc.a(_arm_muldivsf3.o)
 .debug_frame   0x00000d6c       0x24 e:/iti courses/introduction to embedded systems (assaf)/labprograms/sdk sources/imt_sdk_win_64/winarm/armgcc/bin/../lib/gcc/arm-none-eabi/7.2.1/thumb/v7-m\libgcc.a(_arm_fixunssfsi.o)
 .debug_frame   0x00000d90       0x20 e:/iti courses/introduction to embedded systems (assaf)/labprograms/sdk sources/imt_sdk_win_64/winarm/armgcc/bin/../lib/gcc/arm-none-eabi/7.2.1/../../../../arm-none-eabi/lib/thumb/v7-m\libg_nano.a(lib_a-errno.o)
 .debug_frame   0x00000db0       0x4c e:/iti courses/introduction to embedded systems (assaf)/labprograms/sdk sources/imt_sdk_win_64/winarm/armgcc/bin/../lib/gcc/arm-none-eabi/7.2.1/../../../../arm-none-eabi/lib/thumb/v7-m\libg_nano.a(lib_a-vsnprintf.o)
 .debug_frame   0x00000dfc       0x90 e:/iti courses/introduction to embedded systems (assaf)/labprograms/sdk sources/imt_sdk_win_64/winarm/armgcc/bin/../lib/gcc/arm-none-eabi/7.2.1/../../../../arm-none-eabi/lib/thumb/v7-m\libg_nano.a(lib_a-nano-svfprintf.o)
 .debug_frame   0x00000e8c       0x60 e:/iti courses/introduction to embedded systems (assaf)/labprograms/sdk sources/imt_sdk_win_64/winarm/armgcc/bin/../lib/gcc/arm-none-eabi/7.2.1/../../../../arm-none-eabi/lib/thumb/v7-m\libg_nano.a(lib_a-nano-vfprintf_i.o)
 .debug_frame   0x00000eec       0x28 e:/iti courses/introduction to embedded systems (assaf)/labprograms/sdk sources/imt_sdk_win_64/winarm/armgcc/bin/../lib/gcc/arm-none-eabi/7.2.1/../../../../arm-none-eabi/lib/thumb/v7-m\libg_nano.a(lib_a-memchr-stub.o)
 .debug_frame   0x00000f14       0x28 e:/iti courses/introduction to embedded systems (assaf)/labprograms/sdk sources/imt_sdk_win_64/winarm/armgcc/bin/../lib/gcc/arm-none-eabi/7.2.1/../../../../arm-none-eabi/lib/thumb/v7-m\libg_nano.a(lib_a-memcpy-stub.o)
 .debug_frame   0x00000f3c       0x28 e:/iti courses/introduction to embedded systems (assaf)/labprograms/sdk sources/imt_sdk_win_64/winarm/armgcc/bin/../lib/gcc/arm-none-eabi/7.2.1/../../../../arm-none-eabi/lib/thumb/v7-m\libg_nano.a(lib_a-memmove.o)
 .debug_frame   0x00000f64       0x38 e:/iti courses/introduction to embedded systems (assaf)/labprograms/sdk sources/imt_sdk_win_64/winarm/armgcc/bin/../lib/gcc/arm-none-eabi/7.2.1/../../../../arm-none-eabi/lib/thumb/v7-m\libg_nano.a(lib_a-nano-freer.o)
 .debug_frame   0x00000f9c       0x2c e:/iti courses/introduction to embedded systems (assaf)/labprograms/sdk sources/imt_sdk_win_64/winarm/armgcc/bin/../lib/gcc/arm-none-eabi/7.2.1/../../../../arm-none-eabi/lib/thumb/v7-m\libg_nano.a(lib_a-nano-mallocr.o)
 .debug_frame   0x00000fc8       0x3c e:/iti courses/introduction to embedded systems (assaf)/labprograms/sdk sources/imt_sdk_win_64/winarm/armgcc/bin/../lib/gcc/arm-none-eabi/7.2.1/../../../../arm-none-eabi/lib/thumb/v7-m\libg_nano.a(lib_a-nano-reallocr.o)
 .debug_frame   0x00001004       0x2c e:/iti courses/introduction to embedded systems (assaf)/labprograms/sdk sources/imt_sdk_win_64/winarm/armgcc/bin/../lib/gcc/arm-none-eabi/7.2.1/../../../../arm-none-eabi/lib/thumb/v7-m\libg_nano.a(lib_a-sbrkr.o)
 .debug_frame   0x00001030       0x30 e:/iti courses/introduction to embedded systems (assaf)/labprograms/sdk sources/imt_sdk_win_64/winarm/armgcc/bin/../lib/gcc/arm-none-eabi/7.2.1/../../../../arm-none-eabi/lib/thumb/v7-m\libg_nano.a(lib_a-mlock.o)
 .debug_frame   0x00001060       0x20 e:/iti courses/introduction to embedded systems (assaf)/labprograms/sdk sources/imt_sdk_win_64/winarm/armgcc/bin/../lib/gcc/arm-none-eabi/7.2.1/../../../../arm-none-eabi/lib/thumb/v7-m\libg_nano.a(lib_a-nano-msizer.o)

.debug_str      0x00000000    0x5ad1f
 *(.debug_str)
 .debug_str     0x00000000     0x7d2a ./system/src/newlib/_exit.o
                               0x7efd (size before relaxing)
 .debug_str     0x00007d2a      0x4f5 ./system/src/newlib/_sbrk.o
                               0x72af (size before relaxing)
 .debug_str     0x0000821f      0xbbd ./system/src/newlib/_startup.o
                               0x69ea (size before relaxing)
 .debug_str     0x00008ddc      0xe8b ./system/src/newlib/_syscalls.o
                               0x818a (size before relaxing)
 .debug_str     0x00009c67      0x826 ./system/src/diag/Trace.o
                               0x8675 (size before relaxing)
 .debug_str     0x0000a48d    0x4b2b9 ./system/src/diag/trace_impl.o
                              0x52a5b (size before relaxing)
 .debug_str     0x00055746       0xc4 ./system/src/cortexm/_initialize_hardware.o
                              0x4e84c (size before relaxing)
 .debug_str     0x0005580a      0x1a6 ./system/src/cortexm/exception_handlers.o
                              0x53c80 (size before relaxing)
 .debug_str     0x000559b0       0xe1 ./system/src/cmsis/system_stm32f10x.o
                              0x4e8e6 (size before relaxing)
 .debug_str     0x00055a91       0x57 ./system/src/cmsis/vectors_stm32f10x.o
                               0x388b (size before relaxing)
 .debug_str     0x00055ae8       0xe2 ./src/Delay.o
                               0x2e47 (size before relaxing)
 .debug_str     0x00055bca     0x2866 ./src/dDMA.o
                               0x56af (size before relaxing)
 .debug_str     0x00058430      0x226 ./src/dFLASH.o
                               0x3061 (size before relaxing)
 .debug_str     0x00058656      0x749 ./src/dGPIO.o
                               0x356a (size before relaxing)
 .debug_str     0x00058d9f      0x14e ./src/dNVIC.o
                               0x4e1f (size before relaxing)
 .debug_str     0x00058eed      0xcf8 ./src/dRCC.o
                               0x3b2f (size before relaxing)
 .debug_str     0x00059be5      0x884 ./src/dUSART.o
                               0x36ba (size before relaxing)
 .debug_str     0x0005a469      0x12c ./src/hSwitch.o
                               0x3633 (size before relaxing)
 .debug_str     0x0005a595       0x18 ./src/hSwitch_Config.o
                               0x3589 (size before relaxing)
 .debug_str     0x0005a5ad      0x386 ./src/hUSART.o
                               0x6e4d (size before relaxing)
 .debug_str     0x0005a933      0x3ec ./src/main.o
                               0x4f97 (size before relaxing)

.debug_loc      0x00000000     0x1898
 *(.debug_loc)
 .debug_loc     0x00000000       0x85 ./system/src/newlib/_sbrk.o
 .debug_loc     0x00000085      0x1a9 ./system/src/newlib/_startup.o
 .debug_loc     0x0000022e       0x63 ./system/src/newlib/_syscalls.o
 .debug_loc     0x00000291       0xf6 ./system/src/diag/Trace.o
 .debug_loc     0x00000387      0x121 ./system/src/diag/trace_impl.o
 .debug_loc     0x000004a8      0x291 ./system/src/cortexm/exception_handlers.o
 .debug_loc     0x00000739       0xdf ./system/src/cmsis/system_stm32f10x.o
 .debug_loc     0x00000818       0x40 ./src/Delay.o
 .debug_loc     0x00000858      0x165 ./src/dDMA.o
 .debug_loc     0x000009bd       0x6c ./src/dFLASH.o
 .debug_loc     0x00000a29       0x4b ./src/dGPIO.o
 .debug_loc     0x00000a74      0x18d ./src/dNVIC.o
 .debug_loc     0x00000c01      0x576 ./src/dRCC.o
 .debug_loc     0x00001177      0x203 ./src/dUSART.o
 .debug_loc     0x0000137a       0x64 ./src/hSwitch.o
 .debug_loc     0x000013de      0x494 ./src/hUSART.o
 .debug_loc     0x00001872       0x26 ./src/main.o

.debug_macinfo
 *(.debug_macinfo)

.debug_weaknames
 *(.debug_weaknames)

.debug_funcnames
 *(.debug_funcnames)

.debug_typenames
 *(.debug_typenames)

.debug_varnames
 *(.debug_varnames)
OUTPUT(Bootloader_App.elf elf32-littlearm)

.debug_ranges   0x00000000      0x4f0
 .debug_ranges  0x00000000       0x18 ./system/src/newlib/_exit.o
 .debug_ranges  0x00000018       0x10 ./system/src/newlib/_sbrk.o
 .debug_ranges  0x00000028       0x78 ./system/src/newlib/_startup.o
 .debug_ranges  0x000000a0       0x20 ./system/src/newlib/_syscalls.o
 .debug_ranges  0x000000c0       0x28 ./system/src/diag/Trace.o
 .debug_ranges  0x000000e8       0x50 ./system/src/diag/trace_impl.o
 .debug_ranges  0x00000138       0x18 ./system/src/cortexm/_initialize_hardware.o
 .debug_ranges  0x00000150       0x80 ./system/src/cortexm/exception_handlers.o
 .debug_ranges  0x000001d0       0x28 ./system/src/cmsis/system_stm32f10x.o
 .debug_ranges  0x000001f8       0x10 ./system/src/cmsis/vectors_stm32f10x.o
 .debug_ranges  0x00000208       0x10 ./src/Delay.o
 .debug_ranges  0x00000218       0x68 ./src/dDMA.o
 .debug_ranges  0x00000280       0x38 ./src/dFLASH.o
 .debug_ranges  0x000002b8       0x38 ./src/dGPIO.o
 .debug_ranges  0x000002f0       0x80 ./src/dNVIC.o
 .debug_ranges  0x00000370       0x68 ./src/dRCC.o
 .debug_ranges  0x000003d8       0x50 ./src/dUSART.o
 .debug_ranges  0x00000428       0x30 ./src/hSwitch.o
 .debug_ranges  0x00000458       0x70 ./src/hUSART.o
 .debug_ranges  0x000004c8       0x28 ./src/main.o

.debug_macro    0x00000000     0x39fe
 .debug_macro   0x00000000      0x1b4 ./system/src/newlib/_exit.o
 .debug_macro   0x000001b4       0x9c ./system/src/newlib/_exit.o
 .debug_macro   0x00000250      0x10e ./system/src/newlib/_exit.o
 .debug_macro   0x0000035e       0x8d ./system/src/newlib/_exit.o
 .debug_macro   0x000003eb       0x43 ./system/src/newlib/_exit.o
 .debug_macro   0x0000042e      0x330 ./system/src/newlib/_exit.o
 .debug_macro   0x0000075e       0x35 ./system/src/newlib/_exit.o
 .debug_macro   0x00000793      0x169 ./system/src/newlib/_sbrk.o
 .debug_macro   0x000008fc      0x174 ./system/src/newlib/_sbrk.o
 .debug_macro   0x00000a70       0x10 ./system/src/newlib/_sbrk.o
 .debug_macro   0x00000a80      0x23b ./system/src/newlib/_sbrk.o
 .debug_macro   0x00000cbb      0x173 ./system/src/newlib/_startup.o
 .debug_macro   0x00000e2e      0x217 ./system/src/newlib/_syscalls.o
 .debug_macro   0x00001045       0x1c ./system/src/newlib/_syscalls.o
 .debug_macro   0x00001061       0x10 ./system/src/newlib/_syscalls.o
 .debug_macro   0x00001071       0x10 ./system/src/newlib/_syscalls.o
 .debug_macro   0x00001081       0x10 ./system/src/newlib/_syscalls.o
 .debug_macro   0x00001091       0x35 ./system/src/newlib/_syscalls.o
 .debug_macro   0x000010c6      0x122 ./system/src/newlib/_syscalls.o
 .debug_macro   0x000011e8       0x88 ./system/src/newlib/_syscalls.o
 .debug_macro   0x00001270       0x2b ./system/src/newlib/_syscalls.o
 .debug_macro   0x0000129b      0x118 ./system/src/newlib/_syscalls.o
 .debug_macro   0x000013b3      0x189 ./system/src/newlib/_syscalls.o
 .debug_macro   0x0000153c       0x16 ./system/src/newlib/_syscalls.o
 .debug_macro   0x00001552      0x1fb ./system/src/diag/Trace.o
 .debug_macro   0x0000174d       0x16 ./system/src/diag/Trace.o
 .debug_macro   0x00001763       0x97 ./system/src/diag/Trace.o
 .debug_macro   0x000017fa       0xfd ./system/src/diag/Trace.o
 .debug_macro   0x000018f7       0x10 ./system/src/diag/Trace.o
 .debug_macro   0x00001907       0x16 ./system/src/diag/Trace.o
 .debug_macro   0x0000191d      0x16f ./system/src/diag/Trace.o
 .debug_macro   0x00001a8c       0x4c ./system/src/diag/Trace.o
 .debug_macro   0x00001ad8       0x16 ./system/src/diag/Trace.o
 .debug_macro   0x00001aee      0x2da ./system/src/diag/trace_impl.o
 .debug_macro   0x00001dc8       0x10 ./system/src/diag/trace_impl.o
 .debug_macro   0x00001dd8       0xcf ./system/src/diag/trace_impl.o
 .debug_macro   0x00001ea7       0xbe ./system/src/diag/trace_impl.o
 .debug_macro   0x00001f65       0x22 ./system/src/diag/trace_impl.o
 .debug_macro   0x00001f87      0x16b ./system/src/cortexm/_initialize_hardware.o
 .debug_macro   0x000020f2      0x324 ./system/src/cortexm/exception_handlers.o
 .debug_macro   0x00002416       0x3b ./system/src/cortexm/exception_handlers.o
 .debug_macro   0x00002451       0x10 ./system/src/cortexm/exception_handlers.o
 .debug_macro   0x00002461      0x16e ./system/src/cmsis/system_stm32f10x.o
 .debug_macro   0x000025cf       0x34 ./system/src/cmsis/vectors_stm32f10x.o
 .debug_macro   0x00002603       0x2a ./src/Delay.o
 .debug_macro   0x0000262d       0x4c ./src/Delay.o
 .debug_macro   0x00002679       0x7a ./src/dDMA.o
 .debug_macro   0x000026f3       0xc4 ./src/dDMA.o
 .debug_macro   0x000027b7      0x93a ./src/dDMA.o
 .debug_macro   0x000030f1       0x66 ./src/dFLASH.o
 .debug_macro   0x00003157       0x29 ./src/dGPIO.o
 .debug_macro   0x00003180      0x16c ./src/dGPIO.o
 .debug_macro   0x000032ec       0x29 ./src/dNVIC.o
 .debug_macro   0x00003315       0x3b ./src/dRCC.o
 .debug_macro   0x00003350      0x342 ./src/dRCC.o
 .debug_macro   0x00003692       0x65 ./src/dUSART.o
 .debug_macro   0x000036f7       0xd0 ./src/dUSART.o
 .debug_macro   0x000037c7       0x36 ./src/hSwitch.o
 .debug_macro   0x000037fd       0x28 ./src/hSwitch.o
 .debug_macro   0x00003825       0x3c ./src/hSwitch_Config.o
 .debug_macro   0x00003861       0x6b ./src/hUSART.o
 .debug_macro   0x000038cc       0x2e ./src/hUSART.o
 .debug_macro   0x000038fa       0x10 ./src/hUSART.o
 .debug_macro   0x0000390a       0xf4 ./src/main.o
